Component: ARM Compiler 5.06 update 6 (build 750) Tool: armlink [4d35ed]

==============================================================================

Section Cross References

    startup_stm32f103xb.o(RESET) refers to startup_stm32f103xb.o(STACK) for __initial_sp
    startup_stm32f103xb.o(RESET) refers to startup_stm32f103xb.o(.text) for Reset_Handler
    startup_stm32f103xb.o(RESET) refers to stm32f1xx_it.o(i.NMI_Handler) for NMI_Handler
    startup_stm32f103xb.o(RESET) refers to stm32f1xx_it.o(i.HardFault_Handler) for HardFault_Handler
    startup_stm32f103xb.o(RESET) refers to stm32f1xx_it.o(i.MemManage_Handler) for MemManage_Handler
    startup_stm32f103xb.o(RESET) refers to stm32f1xx_it.o(i.BusFault_Handler) for BusFault_Handler
    startup_stm32f103xb.o(RESET) refers to stm32f1xx_it.o(i.UsageFault_Handler) for UsageFault_Handler
    startup_stm32f103xb.o(RESET) refers to stm32f1xx_it.o(i.SVC_Handler) for SVC_Handler
    startup_stm32f103xb.o(RESET) refers to stm32f1xx_it.o(i.DebugMon_Handler) for DebugMon_Handler
    startup_stm32f103xb.o(RESET) refers to stm32f1xx_it.o(i.PendSV_Handler) for PendSV_Handler
    startup_stm32f103xb.o(RESET) refers to stm32f1xx_it.o(i.SysTick_Handler) for SysTick_Handler
    startup_stm32f103xb.o(RESET) refers to stm32f1xx_it.o(i.DMA1_Channel1_IRQHandler) for DMA1_Channel1_IRQHandler
    startup_stm32f103xb.o(RESET) refers to stm32f1xx_it.o(i.USB_LP_CAN1_RX0_IRQHandler) for USB_LP_CAN1_RX0_IRQHandler
    startup_stm32f103xb.o(.text) refers to system_stm32f1xx.o(i.SystemInit) for SystemInit
    startup_stm32f103xb.o(.text) refers to entry.o(.ARM.Collect$$$$00000000) for __main
    main.o(i.MX_ADC1_Init) refers to stm32f1xx_hal_adc.o(i.HAL_ADC_Init) for HAL_ADC_Init
    main.o(i.MX_ADC1_Init) refers to stm32f1xx_hal_adc.o(i.HAL_ADC_ConfigChannel) for HAL_ADC_ConfigChannel
    main.o(i.MX_ADC1_Init) refers to main.o(.bss) for .bss
    main.o(i.MX_ADC2_Init) refers to stm32f1xx_hal_adc.o(i.HAL_ADC_Init) for HAL_ADC_Init
    main.o(i.MX_ADC2_Init) refers to stm32f1xx_hal_adc.o(i.HAL_ADC_ConfigChannel) for HAL_ADC_ConfigChannel
    main.o(i.MX_ADC2_Init) refers to main.o(.bss) for .bss
    main.o(i.MX_GPIO_Init) refers to stm32f1xx_hal_gpio.o(i.HAL_GPIO_WritePin) for HAL_GPIO_WritePin
    main.o(i.MX_GPIO_Init) refers to stm32f1xx_hal_gpio.o(i.HAL_GPIO_Init) for HAL_GPIO_Init
    main.o(i.MX_TIM1_Init) refers to memseta.o(.text) for __aeabi_memclr4
    main.o(i.MX_TIM1_Init) refers to stm32f1xx_hal_tim.o(i.HAL_TIM_Base_Init) for HAL_TIM_Base_Init
    main.o(i.MX_TIM1_Init) refers to stm32f1xx_hal_tim.o(i.HAL_TIM_ConfigClockSource) for HAL_TIM_ConfigClockSource
    main.o(i.MX_TIM1_Init) refers to stm32f1xx_hal_tim.o(i.HAL_TIM_PWM_Init) for HAL_TIM_PWM_Init
    main.o(i.MX_TIM1_Init) refers to stm32f1xx_hal_tim_ex.o(i.HAL_TIMEx_MasterConfigSynchronization) for HAL_TIMEx_MasterConfigSynchronization
    main.o(i.MX_TIM1_Init) refers to stm32f1xx_hal_tim.o(i.HAL_TIM_PWM_ConfigChannel) for HAL_TIM_PWM_ConfigChannel
    main.o(i.MX_TIM1_Init) refers to stm32f1xx_hal_tim_ex.o(i.HAL_TIMEx_ConfigBreakDeadTime) for HAL_TIMEx_ConfigBreakDeadTime
    main.o(i.MX_TIM1_Init) refers to stm32f1xx_hal_msp.o(i.HAL_TIM_MspPostInit) for HAL_TIM_MspPostInit
    main.o(i.MX_TIM1_Init) refers to main.o(.bss) for .bss
    main.o(i.SystemClock_Config) refers to memseta.o(.text) for __aeabi_memclr4
    main.o(i.SystemClock_Config) refers to stm32f1xx_hal_rcc.o(i.HAL_RCC_OscConfig) for HAL_RCC_OscConfig
    main.o(i.SystemClock_Config) refers to stm32f1xx_hal_rcc.o(i.HAL_RCC_ClockConfig) for HAL_RCC_ClockConfig
    main.o(i.SystemClock_Config) refers to stm32f1xx_hal_rcc_ex.o(i.HAL_RCCEx_PeriphCLKConfig) for HAL_RCCEx_PeriphCLKConfig
    main.o(i.gain_test_debug) refers to stm32f1xx_hal_gpio.o(i.HAL_GPIO_WritePin) for HAL_GPIO_WritePin
    main.o(i.gain_test_debug) refers to stm32f1xx_hal.o(i.HAL_Delay) for HAL_Delay
    main.o(i.main) refers to memseta.o(.text) for __aeabi_memclr4
    main.o(i.main) refers to stm32f1xx_hal.o(i.HAL_Init) for HAL_Init
    main.o(i.main) refers to main.o(i.SystemClock_Config) for SystemClock_Config
    main.o(i.main) refers to main.o(i.MX_GPIO_Init) for MX_GPIO_Init
    main.o(i.main) refers to stm32f1xx_hal_cortex.o(i.HAL_NVIC_SetPriority) for HAL_NVIC_SetPriority
    main.o(i.main) refers to stm32f1xx_hal_cortex.o(i.HAL_NVIC_EnableIRQ) for HAL_NVIC_EnableIRQ
    main.o(i.main) refers to main.o(i.MX_ADC1_Init) for MX_ADC1_Init
    main.o(i.main) refers to main.o(i.MX_ADC2_Init) for MX_ADC2_Init
    main.o(i.main) refers to main.o(i.MX_TIM1_Init) for MX_TIM1_Init
    main.o(i.main) refers to usb_device.o(i.MX_USB_DEVICE_Init) for MX_USB_DEVICE_Init
    main.o(i.main) refers to main.o(i.gain_test_debug) for gain_test_debug
    main.o(i.main) refers to stm32f1xx_hal_adc.o(i.HAL_ADC_Start_DMA) for HAL_ADC_Start_DMA
    main.o(i.main) refers to printf1.o(i.__0sprintf$1) for __2sprintf
    main.o(i.main) refers to usbd_cdc_if.o(i.CDC_Transmit_FS) for CDC_Transmit_FS
[...]
    ../clib/microlib/string/memcpy.c         0x00000000   Number         0  memcpya.o ABSOLUTE
    ../clib/microlib/string/memset.c         0x00000000   Number         0  memseta.o ABSOLUTE
    ../clib/microlib/stubs.s                 0x00000000   Number         0  iusesemip.o ABSOLUTE
    ../clib/microlib/stubs.s                 0x00000000   Number         0  iusefp.o ABSOLUTE
    ../fplib/microlib/fpadd.c                0x00000000   Number         0  dadd.o ABSOLUTE
    ../fplib/microlib/fpdiv.c                0x00000000   Number         0  ddiv.o ABSOLUTE
    ../fplib/microlib/fpepilogue.c           0x00000000   Number         0  depilogue.o ABSOLUTE
    ../fplib/microlib/fpfix.c                0x00000000   Number         0  dfixul.o ABSOLUTE
    ../fplib/microlib/fpmul.c                0x00000000   Number         0  dmul.o ABSOLUTE
    ..\Drivers\STM32F1xx_HAL_Driver\Src\stm32f1xx_hal.c 0x00000000   Number         0  stm32f1xx_hal.o ABSOLUTE
    ..\Drivers\STM32F1xx_HAL_Driver\Src\stm32f1xx_hal_adc.c 0x00000000   Number         0  stm32f1xx_hal_adc.o ABSOLUTE
    ..\Drivers\STM32F1xx_HAL_Driver\Src\stm32f1xx_hal_adc_ex.c 0x00000000   Number         0  stm32f1xx_hal_adc_ex.o ABSOLUTE
    ..\Drivers\STM32F1xx_HAL_Driver\Src\stm32f1xx_hal_cortex.c 0x00000000   Number         0  stm32f1xx_hal_cortex.o ABSOLUTE
    ..\Drivers\STM32F1xx_HAL_Driver\Src\stm32f1xx_hal_dma.c 0x00000000   Number         0  stm32f1xx_hal_dma.o ABSOLUTE
    ..\Drivers\STM32F1xx_HAL_Driver\Src\stm32f1xx_hal_flash.c 0x00000000   Number         0  stm32f1xx_hal_flash.o ABSOLUTE
    ..\Drivers\STM32F1xx_HAL_Driver\Src\stm32f1xx_hal_flash_ex.c 0x00000000   Number         0  stm32f1xx_hal_flash_ex.o ABSOLUTE
    ..\Drivers\STM32F1xx_HAL_Driver\Src\stm32f1xx_hal_gpio.c 0x00000000   Number         0  stm32f1xx_hal_gpio.o ABSOLUTE
    ..\Drivers\STM32F1xx_HAL_Driver\Src\stm32f1xx_hal_gpio_ex.c 0x00000000   Number         0  stm32f1xx_hal_gpio_ex.o ABSOLUTE
    ..\Drivers\STM32F1xx_HAL_Driver\Src\stm32f1xx_hal_pcd.c 0x00000000   Number         0  stm32f1xx_hal_pcd.o ABSOLUTE
    ..\Drivers\STM32F1xx_HAL_Driver\Src\stm32f1xx_hal_pcd_ex.c 0x00000000   Number         0  stm32f1xx_hal_pcd_ex.o ABSOLUTE
    ..\Drivers\STM32F1xx_HAL_Driver\Src\stm32f1xx_hal_pwr.c 0x00000000   Number         0  stm32f1xx_hal_pwr.o ABSOLUTE
    ..\Drivers\STM32F1xx_HAL_Driver\Src\stm32f1xx_hal_rcc.c 0x00000000   Number         0  stm32f1xx_hal_rcc.o ABSOLUTE
    ..\Drivers\STM32F1xx_HAL_Driver\Src\stm32f1xx_hal_rcc_ex.c 0x00000000   Number         0  stm32f1xx_hal_rcc_ex.o ABSOLUTE
    ..\Drivers\STM32F1xx_HAL_Driver\Src\stm32f1xx_hal_tim.c 0x00000000   Number         0  stm32f1xx_hal_tim.o ABSOLUTE
    ..\Drivers\STM32F1xx_HAL_Driver\Src\stm32f1xx_hal_tim_ex.c 0x00000000   Number         0  stm32f1xx_hal_tim_ex.o ABSOLUTE
    ..\Drivers\STM32F1xx_HAL_Driver\Src\stm32f1xx_ll_usb.c 0x00000000   Number         0  stm32f1xx_ll_usb.o ABSOLUTE
    ..\Middlewares\ST\STM32_USB_Device_Library\Class\CDC\Src\usbd_cdc.c 0x00000000   Number         0  usbd_cdc.o ABSOLUTE
    ..\Middlewares\ST\STM32_USB_Device_Library\Core\Src\usbd_core.c 0x00000000   Number         0  usbd_core.o ABSOLUTE
    ..\Middlewares\ST\STM32_USB_Device_Library\Core\Src\usbd_ctlreq.c 0x00000000   Number         0  usbd_ctlreq.o ABSOLUTE
    ..\Middlewares\ST\STM32_USB_Device_Library\Core\Src\usbd_ioreq.c 0x00000000   Number         0  usbd_ioreq.o ABSOLUTE
    ..\Src\main.c                            0x00000000   Number         0  main.o ABSOLUTE
    ..\Src\stm32f1xx_hal_msp.c               0x00000000   Number         0  stm32f1xx_hal_msp.o ABSOLUTE
    ..\Src\stm32f1xx_it.c                    0x00000000   Number         0  stm32f1xx_it.o ABSOLUTE
    ..\Src\system_stm32f1xx.c                0x00000000   Number         0  system_stm32f1xx.o ABSOLUTE
    ..\Src\usb_device.c                      0x00000000   Number         0  usb_device.o ABSOLUTE
    ..\Src\usbd_cdc_if.c                     0x00000000   Number         0  usbd_cdc_if.o ABSOLUTE
    ..\Src\usbd_conf.c                       0x00000000   Number         0  usbd_conf.o ABSOLUTE
    ..\Src\usbd_desc.c                       0x00000000   Number         0  usbd_desc.o ABSOLUTE
    cdrcmple.s                               0x00000000   Number         0  cdrcmple.o ABSOLUTE
    dc.s                                     0x00000000   Number         0  dc.o ABSOLUTE
    handlers.s                               0x00000000   Number         0  handlers.o ABSOLUTE
    init.s                                   0x00000000   Number         0  init.o ABSOLUTE
    startup_stm32f103xb.s                    0x00000000   Number         0  startup_stm32f103xb.o ABSOLUTE
    RESET                                    0x08000000   Section      236  startup_stm32f103xb.o(RESET)
    .ARM.Collect$$$$00000000                 0x080000ec   Section        0  entry.o(.ARM.Collect$$$$00000000)
    .ARM.Collect$$$$00000001                 0x080000ec   Section        4  entry2.o(.ARM.Collect$$$$00000001)
    .ARM.Collect$$$$00000004                 0x080000f0   Section        4  entry5.o(.ARM.Collect$$$$00000004)
    .ARM.Collect$$$$00000008                 0x080000f4   Section        0  entry7b.o(.ARM.Collect$$$$00000008)
    .ARM.Collect$$$$0000000A                 0x080000f4   Section        0  entry8b.o(.ARM.Collect$$$$0000000A)
    .ARM.Collect$$$$0000000B                 0x080000f4   Section        8  entry9a.o(.ARM.Collect$$$$0000000B)
    .ARM.Collect$$$$0000000D                 0x080000fc   Section        0  entry10a.o(.ARM.Collect$$$$0000000D)
    .ARM.Collect$$$$0000000F                 0x080000fc   Section        0  entry11a.o(.ARM.Collect$$$$0000000F)
    .ARM.Collect$$$$00002712                 0x080000fc   Section        4  entry2.o(.ARM.Collect$$$$00002712)
    __lit__00000000                          0x080000fc   Data           4  entry2.o(.ARM.Collect$$$$00002712)
    .text                                    0x08000100   Section       36  startup_stm32f103xb.o(.text)
    .text                                    0x08000124   Section        0  memcpya.o(.text)
    .text                                    0x08000148   Section        0  memseta.o(.text)
    .text                                    0x0800016c   Section        0  uidiv.o(.text)
    .text                                    0x08000198   Section       36  init.o(.text)
    .text                                    0x080001bc   Section        0  __dczerorl2.o(.text)
    i.ADC_ConversionStop_Disable             0x08000214   Section        0  stm32f1xx_hal_adc.o(i.ADC_ConversionStop_Disable)
    i.ADC_DMAConvCplt                        0x08000260   Section        0  stm32f1xx_hal_adc.o(i.ADC_DMAConvCplt)
    i.ADC_DMAError                           0x080002ae   Section        0  stm32f1xx_hal_adc.o(i.ADC_DMAError)
    i.ADC_DMAHalfConvCplt                    0x080002c8   Section        0  stm32f1xx_hal_adc.o(i.ADC_DMAHalfConvCplt)
    i.ADC_Enable                             0x080002d4   Section        0  stm32f1xx_hal_adc.o(i.ADC_Enable)
    i.BusFault_Handler                       0x08000344   Section        0  stm32f1xx_it.o(i.BusFault_Handler)
    i.CDC_Control_FS                         0x08000346   Section        0  usbd_cdc_if.o(i.CDC_Control_FS)
    CDC_Control_FS                           0x08000347   Thumb Code     4  usbd_cdc_if.o(i.CDC_Control_FS)
    i.CDC_DeInit_FS                          0x0800034a   Section        0  usbd_cdc_if.o(i.CDC_DeInit_FS)
    CDC_DeInit_FS                            0x0800034b   Thumb Code     4  usbd_cdc_if.o(i.CDC_DeInit_FS)
    i.CDC_Init_FS                            0x08000350   Section        0  usbd_cdc_if.o(i.CDC_Init_FS)
    CDC_Init_FS                              0x08000351   Thumb Code    24  usbd_cdc_if.o(i.CDC_Init_FS)
    i.CDC_Receive_FS                         0x08000374   Section        0  usbd_cdc_if.o(i.CDC_Receive_FS)
    CDC_Receive_FS                           0x08000375   Thumb Code    20  usbd_cdc_if.o(i.CDC_Receive_FS)
    i.CDC_Transmit_FS                        0x0800038c   Section        0  usbd_cdc_if.o(i.CDC_Transmit_FS)
    i.DMA1_Channel1_IRQHandler               0x080003b8   Section        0  stm32f1xx_it.o(i.DMA1_Channel1_IRQHandler)
    i.DMA_SetConfig                          0x080003c4   Section        0  stm32f1xx_hal_dma.o(i.DMA_SetConfig)
    DMA_SetConfig                            0x080003c5   Thumb Code    42  stm32f1xx_hal_dma.o(i.DMA_SetConfig)
    i.DebugMon_Handler                       0x080003ee   Section        0  stm32f1xx_it.o(i.DebugMon_Handler)
    i.Error_Handler                          0x080003f0   Section        0  main.o(i.Error_Handler)
    i.HAL_ADC_ConfigChannel                  0x080003f4   Section        0  stm32f1xx_hal_adc.o(i.HAL_ADC_ConfigChannel)
    i.HAL_ADC_ConvCpltCallback               0x080004f0   Section        0  stm32f1xx_hal_adc.o(i.HAL_ADC_ConvCpltCallback)
    i.HAL_ADC_ConvHalfCpltCallback           0x080004f2   Section        0  stm32f1xx_hal_adc.o(i.HAL_ADC_ConvHalfCpltCallback)
    i.HAL_ADC_ErrorCallback                  0x080004f4   Section        0  stm32f1xx_hal_adc.o(i.HAL_ADC_ErrorCallback)
    i.HAL_ADC_Init                           0x080004f8   Section        0  stm32f1xx_hal_adc.o(i.HAL_ADC_Init)
    i.HAL_ADC_MspInit                        0x08000614   Section        0  stm32f1xx_hal_msp.o(i.HAL_ADC_MspInit)
    i.HAL_ADC_Start_DMA                      0x080006e0   Section        0  stm32f1xx_hal_adc.o(i.HAL_ADC_Start_DMA)
    i.HAL_DMA_IRQHandler                     0x080007ec   Section        0  stm32f1xx_hal_dma.o(i.HAL_DMA_IRQHandler)
    i.HAL_DMA_Init                           0x08000940   Section        0  stm32f1xx_hal_dma.o(i.HAL_DMA_Init)
    i.HAL_DMA_Start_IT                       0x0800099c   Section        0  stm32f1xx_hal_dma.o(i.HAL_DMA_Start_IT)
    i.HAL_Delay                              0x08000a0c   Section        0  stm32f1xx_hal.o(i.HAL_Delay)
    i.HAL_GPIO_Init                          0x08000a30   Section        0  stm32f1xx_hal_gpio.o(i.HAL_GPIO_Init)
    i.HAL_GPIO_WritePin                      0x08000bec   Section        0  stm32f1xx_hal_gpio.o(i.HAL_GPIO_WritePin)
    i.HAL_GetTick                            0x08000bf8   Section        0  stm32f1xx_hal.o(i.HAL_GetTick)
    i.HAL_IncTick                            0x08000c04   Section        0  stm32f1xx_hal.o(i.HAL_IncTick)
    i.HAL_Init                               0x08000c14   Section        0  stm32f1xx_hal.o(i.HAL_Init)
    i.HAL_InitTick                           0x08000c38   Section        0  stm32f1xx_hal.o(i.HAL_InitTick)
    i.HAL_MspInit                            0x08000c78   Section        0  stm32f1xx_hal_msp.o(i.HAL_MspInit)
    i.HAL_NVIC_EnableIRQ                     0x08000cb4   Section        0  stm32f1xx_hal_cortex.o(i.HAL_NVIC_EnableIRQ)
    i.HAL_NVIC_SetPriority                   0x08000ccc   Section        0  stm32f1xx_hal_cortex.o(i.HAL_NVIC_SetPriority)
    i.HAL_NVIC_SetPriorityGrouping           0x08000d0c   Section        0  stm32f1xx_hal_cortex.o(i.HAL_NVIC_SetPriorityGrouping)
    i.HAL_PCDEx_PMAConfig                    0x08000d30   Section        0  stm32f1xx_hal_pcd_ex.o(i.HAL_PCDEx_PMAConfig)
    i.HAL_PCDEx_SetConnectionState           0x08000d64   Section        0  usbd_conf.o(i.HAL_PCDEx_SetConnectionState)
    i.HAL_PCD_DataInStageCallback            0x08000d66   Section        0  usbd_conf.o(i.HAL_PCD_DataInStageCallback)
    i.HAL_PCD_DataOutStageCallback           0x08000d74   Section        0  usbd_conf.o(i.HAL_PCD_DataOutStageCallback)
    i.HAL_PCD_EP_Close                       0x08000d84   Section        0  stm32f1xx_hal_pcd.o(i.HAL_PCD_EP_Close)
    i.HAL_PCD_EP_ClrStall                    0x08000dc4   Section        0  stm32f1xx_hal_pcd.o(i.HAL_PCD_EP_ClrStall)
    i.HAL_PCD_EP_GetRxCount                  0x08000e0c   Section        0  stm32f1xx_hal_pcd.o(i.HAL_PCD_EP_GetRxCount)
    i.HAL_PCD_EP_Open                        0x08000e1c   Section        0  stm32f1xx_hal_pcd.o(i.HAL_PCD_EP_Open)
    i.HAL_PCD_EP_Receive                     0x08000e60   Section        0  stm32f1xx_hal_pcd.o(i.HAL_PCD_EP_Receive)
    i.HAL_PCD_EP_SetStall                    0x08000e8e   Section        0  stm32f1xx_hal_pcd.o(i.HAL_PCD_EP_SetStall)
    i.HAL_PCD_EP_Transmit                    0x08000ee4   Section        0  stm32f1xx_hal_pcd.o(i.HAL_PCD_EP_Transmit)
    i.HAL_PCD_IRQHandler                     0x08000f0e   Section        0  stm32f1xx_hal_pcd.o(i.HAL_PCD_IRQHandler)
    i.HAL_PCD_Init                           0x0800101c   Section        0  stm32f1xx_hal_pcd.o(i.HAL_PCD_Init)
    i.HAL_PCD_MspInit                        0x080010dc   Section        0  usbd_conf.o(i.HAL_PCD_MspInit)
    i.HAL_PCD_ResetCallback                  0x08001118   Section        0  usbd_conf.o(i.HAL_PCD_ResetCallback)
    i.HAL_PCD_ResumeCallback                 0x08001132   Section        0  usbd_conf.o(i.HAL_PCD_ResumeCallback)
    i.HAL_PCD_SOFCallback                    0x0800113a   Section        0  usbd_conf.o(i.HAL_PCD_SOFCallback)
    i.HAL_PCD_SetAddress                     0x08001142   Section        0  stm32f1xx_hal_pcd.o(i.HAL_PCD_SetAddress)
    i.HAL_PCD_SetupStageCallback             0x0800116a   Section        0  usbd_conf.o(i.HAL_PCD_SetupStageCallback)
    i.HAL_PCD_Start                          0x08001178   Section        0  stm32f1xx_hal_pcd.o(i.HAL_PCD_Start)
    i.HAL_PCD_SuspendCallback                0x080011ac   Section        0  usbd_conf.o(i.HAL_PCD_SuspendCallback)
    i.HAL_RCCEx_PeriphCLKConfig              0x080011d0   Section        0  stm32f1xx_hal_rcc_ex.o(i.HAL_RCCEx_PeriphCLKConfig)
    i.HAL_RCC_ClockConfig                    0x080012bc   Section        0  stm32f1xx_hal_rcc.o(i.HAL_RCC_ClockConfig)
    i.HAL_RCC_GetSysClockFreq                0x08001428   Section        0  stm32f1xx_hal_rcc.o(i.HAL_RCC_GetSysClockFreq)
    i.HAL_RCC_OscConfig                      0x08001494   Section        0  stm32f1xx_hal_rcc.o(i.HAL_RCC_OscConfig)
    i.HAL_SYSTICK_Config                     0x08001798   Section        0  stm32f1xx_hal_cortex.o(i.HAL_SYSTICK_Config)
    i.HAL_TIMEx_ConfigBreakDeadTime          0x080017c0   Section        0  stm32f1xx_hal_tim_ex.o(i.HAL_TIMEx_ConfigBreakDeadTime)
    i.HAL_TIMEx_MasterConfigSynchronization  0x0800181a   Section        0  stm32f1xx_hal_tim_ex.o(i.HAL_TIMEx_MasterConfigSynchronization)
    i.HAL_TIM_Base_Init                      0x0800186a   Section        0  stm32f1xx_hal_tim.o(i.HAL_TIM_Base_Init)
    i.HAL_TIM_Base_MspInit                   0x080018a0   Section        0  stm32f1xx_hal_msp.o(i.HAL_TIM_Base_MspInit)
    i.HAL_TIM_ConfigClockSource              0x080018c8   Section        0  stm32f1xx_hal_tim.o(i.HAL_TIM_ConfigClockSource)
    i.HAL_TIM_MspPostInit                    0x080019bc   Section        0  stm32f1xx_hal_msp.o(i.HAL_TIM_MspPostInit)
    i.HAL_TIM_PWM_ConfigChannel              0x08001a30   Section        0  stm32f1xx_hal_tim.o(i.HAL_TIM_PWM_ConfigChannel)
    i.HAL_TIM_PWM_Init                       0x08001b00   Section        0  stm32f1xx_hal_tim.o(i.HAL_TIM_PWM_Init)
    i.HAL_TIM_PWM_MspInit                    0x08001b36   Section        0  stm32f1xx_hal_tim.o(i.HAL_TIM_PWM_MspInit)
    i.HardFault_Handler                      0x08001b38   Section        0  stm32f1xx_it.o(i.HardFault_Handler)
    i.MX_ADC1_Init                           0x08001b3c   Section        0  main.o(i.MX_ADC1_Init)
    MX_ADC1_Init                             0x08001b3d   Thumb Code   114  main.o(i.MX_ADC1_Init)
    i.MX_ADC2_Init                           0x08001bb8   Section        0  main.o(i.MX_ADC2_Init)
    MX_ADC2_Init                             0x08001bb9   Thumb Code    76  main.o(i.MX_ADC2_Init)
    i.MX_GPIO_Init                           0x08001c0c   Section        0  main.o(i.MX_GPIO_Init)
    MX_GPIO_Init                             0x08001c0d   Thumb Code   140  main.o(i.MX_GPIO_Init)
    i.MX_TIM1_Init                           0x08001ca4   Section        0  main.o(i.MX_TIM1_Init)
    MX_TIM1_Init                             0x08001ca5   Thumb Code   170  main.o(i.MX_TIM1_Init)
    i.MX_USB_DEVICE_Init                     0x08001d58   Section        0  usb_device.o(i.MX_USB_DEVICE_Init)
    i.MemManage_Handler                      0x08001d90   Section        0  stm32f1xx_it.o(i.MemManage_Handler)
    i.NMI_Handler                            0x08001d92   Section        0  stm32f1xx_it.o(i.NMI_Handler)
    i.NVIC_SetPriority                       0x08001d94   Section        0  stm32f1xx_hal_cortex.o(i.NVIC_SetPriority)
    NVIC_SetPriority                         0x08001d95   Thumb Code    32  stm32f1xx_hal_cortex.o(i.NVIC_SetPriority)
    i.PCD_EP_ISR_Handler                     0x08001db4   Section        0  stm32f1xx_hal_pcd.o(i.PCD_EP_ISR_Handler)
    PCD_EP_ISR_Handler                       0x08001db5   Thumb Code   866  stm32f1xx_hal_pcd.o(i.PCD_EP_ISR_Handler)
    i.PendSV_Handler                         0x08002116   Section        0  stm32f1xx_it.o(i.PendSV_Handler)
    i.SVC_Handler                            0x08002118   Section        0  stm32f1xx_it.o(i.SVC_Handler)
    i.SysTick_Handler                        0x0800211a   Section        0  stm32f1xx_it.o(i.SysTick_Handler)
    i.SystemClock_Config                     0x0800211e   Section        0  main.o(i.SystemClock_Config)
    i.SystemInit                             0x08002184   Section        0  system_stm32f1xx.o(i.SystemInit)
    i.TIM_Base_SetConfig                     0x080021cc   Section        0  stm32f1xx_hal_tim.o(i.TIM_Base_SetConfig)
    i.TIM_ETR_SetConfig                      0x08002238   Section        0  stm32f1xx_hal_tim.o(i.TIM_ETR_SetConfig)
    TIM_ETR_SetConfig                        0x08002239   Thumb Code    20  stm32f1xx_hal_tim.o(i.TIM_ETR_SetConfig)
    i.TIM_ITRx_SetConfig                     0x0800224c   Section        0  stm32f1xx_hal_tim.o(i.TIM_ITRx_SetConfig)
    TIM_ITRx_SetConfig                       0x0800224d   Thumb Code    16  stm32f1xx_hal_tim.o(i.TIM_ITRx_SetConfig)
    i.TIM_OC1_SetConfig                      0x0800225c   Section        0  stm32f1xx_hal_tim.o(i.TIM_OC1_SetConfig)
    TIM_OC1_SetConfig                        0x0800225d   Thumb Code    74  stm32f1xx_hal_tim.o(i.TIM_OC1_SetConfig)
    i.TIM_OC2_SetConfig                      0x080022ac   Section        0  stm32f1xx_hal_tim.o(i.TIM_OC2_SetConfig)
    i.TIM_OC3_SetConfig                      0x08002304   Section        0  stm32f1xx_hal_tim.o(i.TIM_OC3_SetConfig)
    TIM_OC3_SetConfig                        0x08002305   Thumb Code    82  stm32f1xx_hal_tim.o(i.TIM_OC3_SetConfig)
    i.TIM_OC4_SetConfig                      0x0800235c   Section        0  stm32f1xx_hal_tim.o(i.TIM_OC4_SetConfig)
    TIM_OC4_SetConfig                        0x0800235d   Thumb Code    64  stm32f1xx_hal_tim.o(i.TIM_OC4_SetConfig)
    i.TIM_TI1_ConfigInputStage               0x080023a0   Section        0  stm32f1xx_hal_tim.o(i.TIM_TI1_ConfigInputStage)
    TIM_TI1_ConfigInputStage                 0x080023a1   Thumb Code    34  stm32f1xx_hal_tim.o(i.TIM_TI1_ConfigInputStage)
    i.TIM_TI2_ConfigInputStage               0x080023c2   Section        0  stm32f1xx_hal_tim.o(i.TIM_TI2_ConfigInputStage)
    TIM_TI2_ConfigInputStage                 0x080023c3   Thumb Code    36  stm32f1xx_hal_tim.o(i.TIM_TI2_ConfigInputStage)
    i.USBD_CDC_DataIn                        0x080023e6   Section        0  usbd_cdc.o(i.USBD_CDC_DataIn)
    USBD_CDC_DataIn                          0x080023e7   Thumb Code    20  usbd_cdc.o(i.USBD_CDC_DataIn)
    i.USBD_CDC_DataOut                       0x080023fa   Section        0  usbd_cdc.o(i.USBD_CDC_DataOut)
    USBD_CDC_DataOut                         0x080023fb   Thumb Code    46  usbd_cdc.o(i.USBD_CDC_DataOut)
    i.USBD_CDC_DeInit                        0x08002428   Section        0  usbd_cdc.o(i.USBD_CDC_DeInit)
    USBD_CDC_DeInit                          0x08002429   Thumb Code    60  usbd_cdc.o(i.USBD_CDC_DeInit)
    i.USBD_CDC_EP0_RxReady                   0x08002464   Section        0  usbd_cdc.o(i.USBD_CDC_EP0_RxReady)
    USBD_CDC_EP0_RxReady                     0x08002465   Thumb Code    36  usbd_cdc.o(i.USBD_CDC_EP0_RxReady)
    i.USBD_CDC_GetDeviceQualifierDescriptor  0x08002488   Section        0  usbd_cdc.o(i.USBD_CDC_GetDeviceQualifierDescriptor)
    i.USBD_CDC_GetFSCfgDesc                  0x08002494   Section        0  usbd_cdc.o(i.USBD_CDC_GetFSCfgDesc)
    USBD_CDC_GetFSCfgDesc                    0x08002495   Thumb Code     8  usbd_cdc.o(i.USBD_CDC_GetFSCfgDesc)
    i.USBD_CDC_GetHSCfgDesc                  0x080024a0   Section        0  usbd_cdc.o(i.USBD_CDC_GetHSCfgDesc)
    USBD_CDC_GetHSCfgDesc                    0x080024a1   Thumb Code     8  usbd_cdc.o(i.USBD_CDC_GetHSCfgDesc)
    i.USBD_CDC_GetOtherSpeedCfgDesc          0x080024ac   Section        0  usbd_cdc.o(i.USBD_CDC_GetOtherSpeedCfgDesc)
    USBD_CDC_GetOtherSpeedCfgDesc            0x080024ad   Thumb Code     8  usbd_cdc.o(i.USBD_CDC_GetOtherSpeedCfgDesc)
    i.USBD_CDC_Init                          0x080024b8   Section        0  usbd_cdc.o(i.USBD_CDC_Init)
    USBD_CDC_Init                            0x080024b9   Thumb Code   136  usbd_cdc.o(i.USBD_CDC_Init)
    i.USBD_CDC_ReceivePacket                 0x08002540   Section        0  usbd_cdc.o(i.USBD_CDC_ReceivePacket)
    i.USBD_CDC_RegisterInterface             0x08002568   Section        0  usbd_cdc.o(i.USBD_CDC_RegisterInterface)
    i.USBD_CDC_SetRxBuffer                   0x08002578   Section        0  usbd_cdc.o(i.USBD_CDC_SetRxBuffer)
    i.USBD_CDC_SetTxBuffer                   0x08002584   Section        0  usbd_cdc.o(i.USBD_CDC_SetTxBuffer)
    i.USBD_CDC_Setup                         0x08002594   Section        0  usbd_cdc.o(i.USBD_CDC_Setup)
    USBD_CDC_Setup                           0x08002595   Thumb Code   106  usbd_cdc.o(i.USBD_CDC_Setup)
    i.USBD_CDC_TransmitPacket                0x08002604   Section        0  usbd_cdc.o(i.USBD_CDC_TransmitPacket)
    i.USBD_ClrClassConfig                    0x08002634   Section        0  usbd_core.o(i.USBD_ClrClassConfig)
    i.USBD_CtlContinueRx                     0x08002642   Section        0  usbd_ioreq.o(i.USBD_CtlContinueRx)
    i.USBD_CtlContinueSendData               0x08002652   Section        0  usbd_ioreq.o(i.USBD_CtlContinueSendData)
    i.USBD_CtlError                          0x08002662   Section        0  usbd_ctlreq.o(i.USBD_CtlError)
    i.USBD_CtlPrepareRx                      0x08002678   Section        0  usbd_ioreq.o(i.USBD_CtlPrepareRx)
    i.USBD_CtlReceiveStatus                  0x08002696   Section        0  usbd_ioreq.o(i.USBD_CtlReceiveStatus)
    i.USBD_CtlSendData                       0x080026ac   Section        0  usbd_ioreq.o(i.USBD_CtlSendData)
    i.USBD_CtlSendStatus                     0x080026c6   Section        0  usbd_ioreq.o(i.USBD_CtlSendStatus)
    i.USBD_FS_ConfigStrDescriptor            0x080026dc   Section        0  usbd_desc.o(i.USBD_FS_ConfigStrDescriptor)
    i.USBD_FS_DeviceDescriptor               0x080026fc   Section        0  usbd_desc.o(i.USBD_FS_DeviceDescriptor)
    i.USBD_FS_InterfaceStrDescriptor         0x08002708   Section        0  usbd_desc.o(i.USBD_FS_InterfaceStrDescriptor)
    i.USBD_FS_LangIDStrDescriptor            0x0800272c   Section        0  usbd_desc.o(i.USBD_FS_LangIDStrDescriptor)
    i.USBD_FS_ManufacturerStrDescriptor      0x08002738   Section        0  usbd_desc.o(i.USBD_FS_ManufacturerStrDescriptor)
    i.USBD_FS_ProductStrDescriptor           0x08002760   Section        0  usbd_desc.o(i.USBD_FS_ProductStrDescriptor)
    i.USBD_FS_SerialStrDescriptor            0x0800278c   Section        0  usbd_desc.o(i.USBD_FS_SerialStrDescriptor)
    i.USBD_GetDescriptor                     0x080027b0   Section        0  usbd_ctlreq.o(i.USBD_GetDescriptor)
    USBD_GetDescriptor                       0x080027b1   Thumb Code   224  usbd_ctlreq.o(i.USBD_GetDescriptor)
    i.USBD_GetString                         0x08002890   Section        0  usbd_ctlreq.o(i.USBD_GetString)
    i.USBD_Init                              0x080028d6   Section        0  usbd_core.o(i.USBD_Init)
    i.USBD_LL_ClearStallEP                   0x08002900   Section        0  usbd_conf.o(i.USBD_LL_ClearStallEP)
    i.USBD_LL_CloseEP                        0x08002920   Section        0  usbd_conf.o(i.USBD_LL_CloseEP)
    i.USBD_LL_DataInStage                    0x08002940   Section        0  usbd_core.o(i.USBD_LL_DataInStage)
    i.USBD_LL_DataOutStage                   0x080029ea   Section        0  usbd_core.o(i.USBD_LL_DataOutStage)
    i.USBD_LL_GetRxDataSize                  0x08002a54   Section        0  usbd_conf.o(i.USBD_LL_GetRxDataSize)
    i.USBD_LL_Init                           0x08002a5c   Section        0  usbd_conf.o(i.USBD_LL_Init)
    i.USBD_LL_IsStallEP                      0x08002ae0   Section        0  usbd_conf.o(i.USBD_LL_IsStallEP)
    i.USBD_LL_OpenEP                         0x08002afc   Section        0  usbd_conf.o(i.USBD_LL_OpenEP)
    i.USBD_LL_PrepareReceive                 0x08002b22   Section        0  usbd_conf.o(i.USBD_LL_PrepareReceive)
    i.USBD_LL_Reset                          0x08002b42   Section        0  usbd_core.o(i.USBD_LL_Reset)
    i.USBD_LL_Resume                         0x08002b80   Section        0  usbd_core.o(i.USBD_LL_Resume)
    i.USBD_LL_SOF                            0x08002b8c   Section        0  usbd_core.o(i.USBD_LL_SOF)
    i.USBD_LL_SetSpeed                       0x08002ba4   Section        0  usbd_core.o(i.USBD_LL_SetSpeed)
    i.USBD_LL_SetUSBAddress                  0x08002baa   Section        0  usbd_conf.o(i.USBD_LL_SetUSBAddress)
    i.USBD_LL_SetupStage                     0x08002bca   Section        0  usbd_core.o(i.USBD_LL_SetupStage)
    i.USBD_LL_StallEP                        0x08002c24   Section        0  usbd_conf.o(i.USBD_LL_StallEP)
    i.USBD_LL_Start                          0x08002c44   Section        0  usbd_conf.o(i.USBD_LL_Start)
    i.USBD_LL_Suspend                        0x08002c64   Section        0  usbd_core.o(i.USBD_LL_Suspend)
    i.USBD_LL_Transmit                       0x08002c76   Section        0  usbd_conf.o(i.USBD_LL_Transmit)
    i.USBD_ParseSetupRequest                 0x08002c96   Section        0  usbd_ctlreq.o(i.USBD_ParseSetupRequest)
    i.USBD_RegisterClass                     0x08002cbe   Section        0  usbd_core.o(i.USBD_RegisterClass)
    i.USBD_SetClassConfig                    0x08002cce   Section        0  usbd_core.o(i.USBD_SetClassConfig)
    i.USBD_SetConfig                         0x08002ce4   Section        0  usbd_ctlreq.o(i.USBD_SetConfig)
    USBD_SetConfig                           0x08002ce5   Thumb Code   110  usbd_ctlreq.o(i.USBD_SetConfig)
    i.USBD_Start                             0x08002d58   Section        0  usbd_core.o(i.USBD_Start)
    i.USBD_StdDevReq                         0x08002d62   Section        0  usbd_ctlreq.o(i.USBD_StdDevReq)
    i.USBD_StdEPReq                          0x08002e54   Section        0  usbd_ctlreq.o(i.USBD_StdEPReq)
    i.USBD_StdItfReq                         0x08002f30   Section        0  usbd_ctlreq.o(i.USBD_StdItfReq)
    i.USBD_static_free                       0x08002f64   Section        0  usbd_conf.o(i.USBD_static_free)
    i.USBD_static_malloc                     0x08002f68   Section        0  usbd_conf.o(i.USBD_static_malloc)
    i.USB_ActivateEndpoint                   0x08002f70   Section        0  stm32f1xx_ll_usb.o(i.USB_ActivateEndpoint)
    i.USB_CoreInit                           0x080031cc   Section        0  stm32f1xx_ll_usb.o(i.USB_CoreInit)
    i.USB_DeactivateEndpoint                 0x080031d0   Section        0  stm32f1xx_ll_usb.o(i.USB_DeactivateEndpoint)
    i.USB_DevConnect                         0x080032f4   Section        0  stm32f1xx_ll_usb.o(i.USB_DevConnect)
    i.USB_DevDisconnect                      0x080032f8   Section        0  stm32f1xx_ll_usb.o(i.USB_DevDisconnect)
    i.USB_DevInit                            0x080032fc   Section        0  stm32f1xx_ll_usb.o(i.USB_DevInit)
    i.USB_DisableGlobalInt                   0x0800331a   Section        0  stm32f1xx_ll_usb.o(i.USB_DisableGlobalInt)
    i.USB_EP0_OutStart                       0x08003328   Section        0  stm32f1xx_ll_usb.o(i.USB_EP0_OutStart)
    i.USB_EPClearStall                       0x0800332c   Section        0  stm32f1xx_ll_usb.o(i.USB_EPClearStall)
    i.USB_EPSetStall                         0x08003396   Section        0  stm32f1xx_ll_usb.o(i.USB_EPSetStall)
    i.USB_EPStartXfer                        0x080033e0   Section        0  stm32f1xx_ll_usb.o(i.USB_EPStartXfer)
    i.USB_EnableGlobalInt                    0x0800358a   Section        0  stm32f1xx_ll_usb.o(i.USB_EnableGlobalInt)
    i.USB_LP_CAN1_RX0_IRQHandler             0x08003598   Section        0  stm32f1xx_it.o(i.USB_LP_CAN1_RX0_IRQHandler)
    i.USB_ReadInterrupts                     0x080035a4   Section        0  stm32f1xx_ll_usb.o(i.USB_ReadInterrupts)
    i.USB_ReadPMA                            0x080035ac   Section        0  stm32f1xx_ll_usb.o(i.USB_ReadPMA)
    i.USB_SetCurrentMode                     0x080035ca   Section        0  stm32f1xx_ll_usb.o(i.USB_SetCurrentMode)
    i.USB_SetDevAddress                      0x080035ce   Section        0  stm32f1xx_ll_usb.o(i.USB_SetDevAddress)
    i.USB_WritePMA                           0x080035da   Section        0  stm32f1xx_ll_usb.o(i.USB_WritePMA)
    i.UsageFault_Handler                     0x08003600   Section        0  stm32f1xx_it.o(i.UsageFault_Handler)
    i.__0sprintf$1                           0x08003604   Section        0  printf1.o(i.__0sprintf$1)
    i.__scatterload_copy                     0x0800362c   Section       14  handlers.o(i.__scatterload_copy)
    i.__scatterload_null                     0x0800363a   Section        2  handlers.o(i.__scatterload_null)
    i.__scatterload_zeroinit                 0x0800363c   Section       14  handlers.o(i.__scatterload_zeroinit)
    i._printf_core                           0x0800364c   Section        0  printf1.o(i._printf_core)
    _printf_core                             0x0800364d   Thumb Code   336  printf1.o(i._printf_core)
    i._sputc                                 0x080037a0   Section        0  printf1.o(i._sputc)
    _sputc                                   0x080037a1   Thumb Code    10  printf1.o(i._sputc)
    i.gain_test_debug                        0x080037ac   Section        0  main.o(i.gain_test_debug)
    i.main                                   0x0800382c   Section        0  main.o(i.main)
    .constdata                               0x080038e0   Section       16  system_stm32f1xx.o(.constdata)
    .data                                    0x20000000   Section       28  usbd_desc.o(.data)
    .data                                    0x2000001c   Section       22  usbd_desc.o(.data)
    .data                                    0x20000034   Section       16  usbd_cdc_if.o(.data)
    .data                                    0x20000044   Section       12  stm32f1xx_hal.o(.data)
    .data                                    0x20000050   Section        4  system_stm32f1xx.o(.data)
    .data                                    0x20000054   Section        1  usbd_ctlreq.o(.data)
    cfgidx                                   0x20000054   Data           1  usbd_ctlreq.o(.data)
    .data                                    0x20000058   Section      219  usbd_cdc.o(.data)
    ifalt                                    0x20000058   Data           1  usbd_cdc.o(.data)
    USBD_CDC_DeviceQualifierDesc             0x2000005c   Data          10  usbd_cdc.o(.data)
    .data                                    0x20000134   Section       56  usbd_cdc.o(.data)
    .bss                                     0x2000016c   Section      160  main.o(.bss)
    .bss                                     0x2000020c   Section       68  main.o(.bss)
    .bss                                     0x20000250   Section      548  usb_device.o(.bss)
    .bss                                     0x20000474   Section     1664  usbd_conf.o(.bss)
    mem                                      0x20000474   Data         544  usbd_conf.o(.bss)
    .bss                                     0x20000af4   Section      512  usbd_desc.o(.bss)
    .bss                                     0x20000cf4   Section     2000  usbd_cdc_if.o(.bss)
    STACK                                    0x200014c8   Section     1024  startup_stm32f103xb.o(STACK)

    Global Symbols

    Symbol Name                              Value     Ov Type        Size  Object(Section)

    BuildAttributes$$THM_ISAv4$P$D$K$B$S$PE$A:L22UL41UL21$X:L11$S22US41US21$IEEE1$IW$USESV6$~STKCKD$USESV7$~SHL$OSPACE$ROPI$EBA8$MICROLIB$REQ8$PRES8$EABIv2 0x00000000   Number         0  anon$$obj.o ABSOLUTE
    __ARM_use_no_argv                        0x00000000   Number         0  main.o ABSOLUTE
    _printf_a                                0x00000000   Number         0  stubs.o ABSOLUTE
    _printf_c                                0x00000000   Number         0  stubs.o ABSOLUTE
    _printf_charcount                        0x00000000   Number         0  stubs.o ABSOLUTE
    _printf_d                                0x00000000   Number         0  stubs.o ABSOLUTE
    _printf_e                                0x00000000   Number         0  stubs.o ABSOLUTE
    _printf_f                                0x00000000   Number         0  stubs.o ABSOLUTE
    _printf_flags                            0x00000000   Number         0  stubs.o ABSOLUTE
    _printf_fp_dec                           0x00000000   Number         0  stubs.o ABSOLUTE
    _printf_fp_hex                           0x00000000   Number         0  stubs.o ABSOLUTE
    _printf_g                                0x00000000   Number         0  stubs.o ABSOLUTE
    _printf_i                                0x00000000   Number         0  stubs.o ABSOLUTE
    _printf_int_dec                          0x00000000   Number         0  stubs.o ABSOLUTE
    _printf_l                                0x00000000   Number         0  stubs.o ABSOLUTE
    _printf_lc                               0x00000000   Number         0  stubs.o ABSOLUTE
    _printf_ll                               0x00000000   Number         0  stubs.o ABSOLUTE
    _printf_lld                              0x00000000   Number         0  stubs.o ABSOLUTE
    _printf_lli                              0x00000000   Number         0  stubs.o ABSOLUTE
    _printf_llo                              0x00000000   Number         0  stubs.o ABSOLUTE
    _printf_llu                              0x00000000   Number         0  stubs.o ABSOLUTE
    _printf_llx                              0x00000000   Number         0  stubs.o ABSOLUTE
    _printf_longlong_dec                     0x00000000   Number         0  stubs.o ABSOLUTE
    _printf_longlong_hex                     0x00000000   Number         0  stubs.o ABSOLUTE
    _printf_longlong_oct                     0x00000000   Number         0  stubs.o ABSOLUTE
    _printf_ls                               0x00000000   Number         0  stubs.o ABSOLUTE
    _printf_mbtowc                           0x00000000   Number         0  stubs.o ABSOLUTE
    _printf_n                                0x00000000   Number         0  stubs.o ABSOLUTE
    _printf_o                                0x00000000   Number         0  stubs.o ABSOLUTE
    _printf_p                                0x00000000   Number         0  stubs.o ABSOLUTE
    _printf_percent                          0x00000000   Number         0  stubs.o ABSOLUTE
    _printf_pre_padding                      0x00000000   Number         0  stubs.o ABSOLUTE
    _printf_return_value                     0x00000000   Number         0  stubs.o ABSOLUTE
    _printf_s                                0x00000000   Number         0  stubs.o ABSOLUTE
    _printf_sizespec                         0x00000000   Number         0  stubs.o ABSOLUTE
    _printf_str                              0x00000000   Number         0  stubs.o ABSOLUTE
    _printf_truncate_signed                  0x00000000   Number         0  stubs.o ABSOLUTE
    _printf_truncate_unsigned                0x00000000   Number         0  stubs.o ABSOLUTE
    _printf_u                                0x00000000   Number         0  stubs.o ABSOLUTE
    _printf_wc                               0x00000000   Number         0  stubs.o ABSOLUTE
    _printf_wctomb                           0x00000000   Number         0  stubs.o ABSOLUTE
    _printf_widthprec                        0x00000000   Number         0  stubs.o ABSOLUTE
    _printf_x                                0x00000000   Number         0  stubs.o ABSOLUTE
    __cpp_initialize__aeabi_                  - Undefined Weak Reference
    __cxa_finalize                            - Undefined Weak Reference
    _clock_init                               - Undefined Weak Reference
    _microlib_exit                            - Undefined Weak Reference
    __Vectors_Size                           0x000000ec   Number         0  startup_stm32f103xb.o ABSOLUTE
    __Vectors                                0x08000000   Data           4  startup_stm32f103xb.o(RESET)
    __Vectors_End                            0x080000ec   Data           0  startup_stm32f103xb.o(RESET)
    __main                                   0x080000ed   Thumb Code     0  entry.o(.ARM.Collect$$$$00000000)
    _main_stk                                0x080000ed   Thumb Code     0  entry2.o(.ARM.Collect$$$$00000001)
    _main_scatterload                        0x080000f1   Thumb Code     0  entry5.o(.ARM.Collect$$$$00000004)
    __main_after_scatterload                 0x080000f5   Thumb Code     0  entry5.o(.ARM.Collect$$$$00000004)
    _main_clock                              0x080000f5   Thumb Code     0  entry7b.o(.ARM.Collect$$$$00000008)
    _main_cpp_init                           0x080000f5   Thumb Code     0  entry8b.o(.ARM.Collect$$$$0000000A)
    _main_init                               0x080000f5   Thumb Code     0  entry9a.o(.ARM.Collect$$$$0000000B)
    __rt_final_cpp                           0x080000fd   Thumb Code     0  entry10a.o(.ARM.Collect$$$$0000000D)
    __rt_final_exit                          0x080000fd   Thumb Code     0  entry11a.o(.ARM.Collect$$$$0000000F)
    Reset_Handler                            0x08000101   Thumb Code     8  startup_stm32f103xb.o(.text)
    ADC1_2_IRQHandler                        0x0800011b   Thumb Code     0  startup_stm32f103xb.o(.text)
    CAN1_RX1_IRQHandler                      0x0800011b   Thumb Code     0  startup_stm32f103xb.o(.text)
    CAN1_SCE_IRQHandler                      0x0800011b   Thumb Code     0  startup_stm32f103xb.o(.text)
    DMA1_Channel2_IRQHandler                 0x0800011b   Thumb Code     0  startup_stm32f103xb.o(.text)
    DMA1_Channel3_IRQHandler                 0x0800011b   Thumb Code     0  startup_stm32f103xb.o(.text)
    DMA1_Channel4_IRQHandler                 0x0800011b   Thumb Code     0  startup_stm32f103xb.o(.text)
    DMA1_Channel5_IRQHandler                 0x0800011b   Thumb Code     0  startup_stm32f103xb.o(.text)
    DMA1_Channel6_IRQHandler                 0x0800011b   Thumb Code     0  startup_stm32f103xb.o(.text)
    DMA1_Channel7_IRQHandler                 0x0800011b   Thumb Code     0  startup_stm32f103xb.o(.text)
    EXTI0_IRQHandler                         0x0800011b   Thumb Code     0  startup_stm32f103xb.o(.text)
    EXTI15_10_IRQHandler                     0x0800011b   Thumb Code     0  startup_stm32f103xb.o(.text)
    EXTI1_IRQHandler                         0x0800011b   Thumb Code     0  startup_stm32f103xb.o(.text)
    EXTI2_IRQHandler                         0x0800011b   Thumb Code     0  startup_stm32f103xb.o(.text)
    EXTI3_IRQHandler                         0x0800011b   Thumb Code     0  startup_stm32f103xb.o(.text)
    EXTI4_IRQHandler                         0x0800011b   Thumb Code     0  startup_stm32f103xb.o(.text)
    EXTI9_5_IRQHandler                       0x0800011b   Thumb Code     0  startup_stm32f103xb.o(.text)
    FLASH_IRQHandler                         0x0800011b   Thumb Code     0  startup_stm32f103xb.o(.text)
    I2C1_ER_IRQHandler                       0x0800011b   Thumb Code     0  startup_stm32f103xb.o(.text)
    I2C1_EV_IRQHandler                       0x0800011b   Thumb Code     0  startup_stm32f103xb.o(.text)
    I2C2_ER_IRQHandler                       0x0800011b   Thumb Code     0  startup_stm32f103xb.o(.text)
    I2C2_EV_IRQHandler                       0x0800011b   Thumb Code     0  startup_stm32f103xb.o(.text)
    PVD_IRQHandler                           0x0800011b   Thumb Code     0  startup_stm32f103xb.o(.text)
    RCC_IRQHandler                           0x0800011b   Thumb Code     0  startup_stm32f103xb.o(.text)
    RTC_Alarm_IRQHandler                     0x0800011b   Thumb Code     0  startup_stm32f103xb.o(.text)
    RTC_IRQHandler                           0x0800011b   Thumb Code     0  startup_stm32f103xb.o(.text)
    SPI1_IRQHandler                          0x0800011b   Thumb Code     0  startup_stm32f103xb.o(.text)
    SPI2_IRQHandler                          0x0800011b   Thumb Code     0  startup_stm32f103xb.o(.text)
    TAMPER_IRQHandler                        0x0800011b   Thumb Code     0  startup_stm32f103xb.o(.text)
    TIM1_BRK_IRQHandler                      0x0800011b   Thumb Code     0  startup_stm32f103xb.o(.text)
    TIM1_CC_IRQHandler                       0x0800011b   Thumb Code     0  startup_stm32f103xb.o(.text)
    TIM1_TRG_COM_IRQHandler                  0x0800011b   Thumb Code     0  startup_stm32f103xb.o(.text)
    TIM1_UP_IRQHandler                       0x0800011b   Thumb Code     0  startup_stm32f103xb.o(.text)
    TIM2_IRQHandler                          0x0800011b   Thumb Code     0  startup_stm32f103xb.o(.text)
    TIM3_IRQHandler                          0x0800011b   Thumb Code     0  startup_stm32f103xb.o(.text)
    TIM4_IRQHandler                          0x0800011b   Thumb Code     0  startup_stm32f103xb.o(.text)
    USART1_IRQHandler                        0x0800011b   Thumb Code     0  startup_stm32f103xb.o(.text)
    USART2_IRQHandler                        0x0800011b   Thumb Code     0  startup_stm32f103xb.o(.text)
    USART3_IRQHandler                        0x0800011b   Thumb Code     0  startup_stm32f103xb.o(.text)
    USBWakeUp_IRQHandler                     0x0800011b   Thumb Code     0  startup_stm32f103xb.o(.text)
    USB_HP_CAN1_TX_IRQHandler                0x0800011b   Thumb Code     0  startup_stm32f103xb.o(.text)
    WWDG_IRQHandler                          0x0800011b   Thumb Code     0  startup_stm32f103xb.o(.text)
    __aeabi_memcpy                           0x08000125   Thumb Code    36  memcpya.o(.text)
    __aeabi_memcpy4                          0x08000125   Thumb Code     0  memcpya.o(.text)
    __aeabi_memcpy8                          0x08000125   Thumb Code     0  memcpya.o(.text)
    __aeabi_memset                           0x08000149   Thumb Code    14  memseta.o(.text)
    __aeabi_memset4                          0x08000149   Thumb Code     0  memseta.o(.text)
    __aeabi_memset8                          0x08000149   Thumb Code     0  memseta.o(.text)
    __aeabi_memclr                           0x08000157   Thumb Code     4  memseta.o(.text)
    __aeabi_memclr4                          0x08000157   Thumb Code     0  memseta.o(.text)
    __aeabi_memclr8                          0x08000157   Thumb Code     0  memseta.o(.text)
    _memset$wrapper                          0x0800015b   Thumb Code    18  memseta.o(.text)
    __aeabi_uidiv                            0x0800016d   Thumb Code     0  uidiv.o(.text)
    __aeabi_uidivmod                         0x0800016d   Thumb Code    44  uidiv.o(.text)
    __scatterload                            0x08000199   Thumb Code    28  init.o(.text)
    __scatterload_rt2                        0x08000199   Thumb Code     0  init.o(.text)
    __decompress                             0x080001bd   Thumb Code     0  __dczerorl2.o(.text)
    __decompress1                            0x080001bd   Thumb Code    86  __dczerorl2.o(.text)
    ADC_ConversionStop_Disable               0x08000215   Thumb Code    76  stm32f1xx_hal_adc.o(i.ADC_ConversionStop_Disable)
    ADC_DMAConvCplt                          0x08000261   Thumb Code    78  stm32f1xx_hal_adc.o(i.ADC_DMAConvCplt)
    ADC_DMAError                             0x080002af   Thumb Code    26  stm32f1xx_hal_adc.o(i.ADC_DMAError)
    ADC_DMAHalfConvCplt                      0x080002c9   Thumb Code    10  stm32f1xx_hal_adc.o(i.ADC_DMAHalfConvCplt)
    ADC_Enable                               0x080002d5   Thumb Code   104  stm32f1xx_hal_adc.o(i.ADC_Enable)
    BusFault_Handler                         0x08000345   Thumb Code     2  stm32f1xx_it.o(i.BusFault_Handler)
    CDC_Transmit_FS                          0x0800038d   Thumb Code    38  usbd_cdc_if.o(i.CDC_Transmit_FS)
    DMA1_Channel1_IRQHandler                 0x080003b9   Thumb Code     6  stm32f1xx_it.o(i.DMA1_Channel1_IRQHandler)
    DebugMon_Handler                         0x080003ef   Thumb Code     2  stm32f1xx_it.o(i.DebugMon_Handler)
    Error_Handler                            0x080003f1   Thumb Code     2  main.o(i.Error_Handler)
    HAL_ADC_ConfigChannel                    0x080003f5   Thumb Code   240  stm32f1xx_hal_adc.o(i.HAL_ADC_ConfigChannel)
    HAL_ADC_ConvCpltCallback                 0x080004f1   Thumb Code     2  stm32f1xx_hal_adc.o(i.HAL_ADC_ConvCpltCallback)
    HAL_ADC_ConvHalfCpltCallback             0x080004f3   Thumb Code     2  stm32f1xx_hal_adc.o(i.HAL_ADC_ConvHalfCpltCallback)
    HAL_ADC_ErrorCallback                    0x080004f5   Thumb Code     2  stm32f1xx_hal_adc.o(i.HAL_ADC_ErrorCallback)
    HAL_ADC_Init                             0x080004f9   Thumb Code   272  stm32f1xx_hal_adc.o(i.HAL_ADC_Init)
    HAL_ADC_MspInit                          0x08000615   Thumb Code   178  stm32f1xx_hal_msp.o(i.HAL_ADC_MspInit)
    HAL_ADC_Start_DMA                        0x080006e1   Thumb Code   246  stm32f1xx_hal_adc.o(i.HAL_ADC_Start_DMA)
    HAL_DMA_IRQHandler                       0x080007ed   Thumb Code   316  stm32f1xx_hal_dma.o(i.HAL_DMA_IRQHandler)
    HAL_DMA_Init                             0x08000941   Thumb Code    84  stm32f1xx_hal_dma.o(i.HAL_DMA_Init)
    HAL_DMA_Start_IT                         0x0800099d   Thumb Code   112  stm32f1xx_hal_dma.o(i.HAL_DMA_Start_IT)
    HAL_Delay                                0x08000a0d   Thumb Code    32  stm32f1xx_hal.o(i.HAL_Delay)
    HAL_GPIO_Init                            0x08000a31   Thumb Code   408  stm32f1xx_hal_gpio.o(i.HAL_GPIO_Init)
    HAL_GPIO_WritePin                        0x08000bed   Thumb Code    10  stm32f1xx_hal_gpio.o(i.HAL_GPIO_WritePin)
    HAL_GetTick                              0x08000bf9   Thumb Code     6  stm32f1xx_hal.o(i.HAL_GetTick)
    HAL_IncTick                              0x08000c05   Thumb Code    12  stm32f1xx_hal.o(i.HAL_IncTick)
    HAL_Init                                 0x08000c15   Thumb Code    32  stm32f1xx_hal.o(i.HAL_Init)
    HAL_InitTick                             0x08000c39   Thumb Code    54  stm32f1xx_hal.o(i.HAL_InitTick)
    HAL_MspInit                              0x08000c79   Thumb Code    52  stm32f1xx_hal_msp.o(i.HAL_MspInit)
    HAL_NVIC_EnableIRQ                       0x08000cb5   Thumb Code    22  stm32f1xx_hal_cortex.o(i.HAL_NVIC_EnableIRQ)
    HAL_NVIC_SetPriority                     0x08000ccd   Thumb Code    60  stm32f1xx_hal_cortex.o(i.HAL_NVIC_SetPriority)
    HAL_NVIC_SetPriorityGrouping             0x08000d0d   Thumb Code    26  stm32f1xx_hal_cortex.o(i.HAL_NVIC_SetPriorityGrouping)
    HAL_PCDEx_PMAConfig                      0x08000d31   Thumb Code    52  stm32f1xx_hal_pcd_ex.o(i.HAL_PCDEx_PMAConfig)
    HAL_PCDEx_SetConnectionState             0x08000d65   Thumb Code     2  usbd_conf.o(i.HAL_PCDEx_SetConnectionState)
    HAL_PCD_DataInStageCallback              0x08000d67   Thumb Code    14  usbd_conf.o(i.HAL_PCD_DataInStageCallback)
    HAL_PCD_DataOutStageCallback             0x08000d75   Thumb Code    16  usbd_conf.o(i.HAL_PCD_DataOutStageCallback)
    HAL_PCD_EP_Close                         0x08000d85   Thumb Code    64  stm32f1xx_hal_pcd.o(i.HAL_PCD_EP_Close)
    HAL_PCD_EP_ClrStall                      0x08000dc5   Thumb Code    72  stm32f1xx_hal_pcd.o(i.HAL_PCD_EP_ClrStall)
    HAL_PCD_EP_GetRxCount                    0x08000e0d   Thumb Code    16  stm32f1xx_hal_pcd.o(i.HAL_PCD_EP_GetRxCount)
    HAL_PCD_EP_Open                          0x08000e1d   Thumb Code    68  stm32f1xx_hal_pcd.o(i.HAL_PCD_EP_Open)
    HAL_PCD_EP_Receive                       0x08000e61   Thumb Code    46  stm32f1xx_hal_pcd.o(i.HAL_PCD_EP_Receive)
    HAL_PCD_EP_SetStall                      0x08000e8f   Thumb Code    86  stm32f1xx_hal_pcd.o(i.HAL_PCD_EP_SetStall)
    HAL_PCD_EP_Transmit                      0x08000ee5   Thumb Code    42  stm32f1xx_hal_pcd.o(i.HAL_PCD_EP_Transmit)
    HAL_PCD_IRQHandler                       0x08000f0f   Thumb Code   268  stm32f1xx_hal_pcd.o(i.HAL_PCD_IRQHandler)
    HAL_PCD_Init                             0x0800101d   Thumb Code   192  stm32f1xx_hal_pcd.o(i.HAL_PCD_Init)
    HAL_PCD_MspInit                          0x080010dd   Thumb Code    50  usbd_conf.o(i.HAL_PCD_MspInit)
    HAL_PCD_ResetCallback                    0x08001119   Thumb Code    26  usbd_conf.o(i.HAL_PCD_ResetCallback)
    HAL_PCD_ResumeCallback                   0x08001133   Thumb Code     8  usbd_conf.o(i.HAL_PCD_ResumeCallback)
    HAL_PCD_SOFCallback                      0x0800113b   Thumb Code     8  usbd_conf.o(i.HAL_PCD_SOFCallback)
    HAL_PCD_SetAddress                       0x08001143   Thumb Code    40  stm32f1xx_hal_pcd.o(i.HAL_PCD_SetAddress)
    HAL_PCD_SetupStageCallback               0x0800116b   Thumb Code    14  usbd_conf.o(i.HAL_PCD_SetupStageCallback)
    HAL_PCD_Start                            0x08001179   Thumb Code    50  stm32f1xx_hal_pcd.o(i.HAL_PCD_Start)
    HAL_PCD_SuspendCallback                  0x080011ad   Thumb Code    30  usbd_conf.o(i.HAL_PCD_SuspendCallback)
    HAL_RCCEx_PeriphCLKConfig                0x080011d1   Thumb Code   224  stm32f1xx_hal_rcc_ex.o(i.HAL_RCCEx_PeriphCLKConfig)
    HAL_RCC_ClockConfig                      0x080012bd   Thumb Code   346  stm32f1xx_hal_rcc.o(i.HAL_RCC_ClockConfig)
    HAL_RCC_GetSysClockFreq                  0x08001429   Thumb Code    74  stm32f1xx_hal_rcc.o(i.HAL_RCC_GetSysClockFreq)
    HAL_RCC_OscConfig                        0x08001495   Thumb Code   750  stm32f1xx_hal_rcc.o(i.HAL_RCC_OscConfig)
    HAL_SYSTICK_Config                       0x08001799   Thumb Code    40  stm32f1xx_hal_cortex.o(i.HAL_SYSTICK_Config)
    HAL_TIMEx_ConfigBreakDeadTime            0x080017c1   Thumb Code    90  stm32f1xx_hal_tim_ex.o(i.HAL_TIMEx_ConfigBreakDeadTime)
    HAL_TIMEx_MasterConfigSynchronization    0x0800181b   Thumb Code    80  stm32f1xx_hal_tim_ex.o(i.HAL_TIMEx_MasterConfigSynchronization)
    HAL_TIM_Base_Init                        0x0800186b   Thumb Code    54  stm32f1xx_hal_tim.o(i.HAL_TIM_Base_Init)
    HAL_TIM_Base_MspInit                     0x080018a1   Thumb Code    30  stm32f1xx_hal_msp.o(i.HAL_TIM_Base_MspInit)
    HAL_TIM_ConfigClockSource                0x080018c9   Thumb Code   242  stm32f1xx_hal_tim.o(i.HAL_TIM_ConfigClockSource)
    HAL_TIM_MspPostInit                      0x080019bd   Thumb Code    98  stm32f1xx_hal_msp.o(i.HAL_TIM_MspPostInit)
    HAL_TIM_PWM_ConfigChannel                0x08001a31   Thumb Code   208  stm32f1xx_hal_tim.o(i.HAL_TIM_PWM_ConfigChannel)
    HAL_TIM_PWM_Init                         0x08001b01   Thumb Code    54  stm32f1xx_hal_tim.o(i.HAL_TIM_PWM_Init)
    HAL_TIM_PWM_MspInit                      0x08001b37   Thumb Code     2  stm32f1xx_hal_tim.o(i.HAL_TIM_PWM_MspInit)
    HardFault_Handler                        0x08001b39   Thumb Code     2  stm32f1xx_it.o(i.HardFault_Handler)
    MX_USB_DEVICE_Init                       0x08001d59   Thumb Code    38  usb_device.o(i.MX_USB_DEVICE_Init)
    MemManage_Handler                        0x08001d91   Thumb Code     2  stm32f1xx_it.o(i.MemManage_Handler)
    NMI_Handler                              0x08001d93   Thumb Code     2  stm32f1xx_it.o(i.NMI_Handler)
    PendSV_Handler                           0x08002117   Thumb Code     2  stm32f1xx_it.o(i.PendSV_Handler)
    SVC_Handler                              0x08002119   Thumb Code     2  stm32f1xx_it.o(i.SVC_Handler)
    SysTick_Handler                          0x0800211b   Thumb Code     4  stm32f1xx_it.o(i.SysTick_Handler)
    SystemClock_Config                       0x0800211f   Thumb Code   100  main.o(i.SystemClock_Config)
    SystemInit                               0x08002185   Thumb Code    56  system_stm32f1xx.o(i.SystemInit)
    TIM_Base_SetConfig                       0x080021cd   Thumb Code    94  stm32f1xx_hal_tim.o(i.TIM_Base_SetConfig)
    TIM_OC2_SetConfig                        0x080022ad   Thumb Code    84  stm32f1xx_hal_tim.o(i.TIM_OC2_SetConfig)
    USBD_CDC_GetDeviceQualifierDescriptor    0x08002489   Thumb Code     8  usbd_cdc.o(i.USBD_CDC_GetDeviceQualifierDescriptor)
    USBD_CDC_ReceivePacket                   0x08002541   Thumb Code    40  usbd_cdc.o(i.USBD_CDC_ReceivePacket)
    USBD_CDC_RegisterInterface               0x08002569   Thumb Code    16  usbd_cdc.o(i.USBD_CDC_RegisterInterface)
    USBD_CDC_SetRxBuffer                     0x08002579   Thumb Code    12  usbd_cdc.o(i.USBD_CDC_SetRxBuffer)
    USBD_CDC_SetTxBuffer                     0x08002585   Thumb Code    16  usbd_cdc.o(i.USBD_CDC_SetTxBuffer)
    USBD_CDC_TransmitPacket                  0x08002605   Thumb Code    48  usbd_cdc.o(i.USBD_CDC_TransmitPacket)
    USBD_ClrClassConfig                      0x08002635   Thumb Code    14  usbd_core.o(i.USBD_ClrClassConfig)
    USBD_CtlContinueRx                       0x08002643   Thumb Code    16  usbd_ioreq.o(i.USBD_CtlContinueRx)
    USBD_CtlContinueSendData                 0x08002653   Thumb Code    16  usbd_ioreq.o(i.USBD_CtlContinueSendData)
    USBD_CtlError                            0x08002663   Thumb Code    22  usbd_ctlreq.o(i.USBD_CtlError)
    USBD_CtlPrepareRx                        0x08002679   Thumb Code    30  usbd_ioreq.o(i.USBD_CtlPrepareRx)
    USBD_CtlReceiveStatus                    0x08002697   Thumb Code    22  usbd_ioreq.o(i.USBD_CtlReceiveStatus)
    USBD_CtlSendData                         0x080026ad   Thumb Code    26  usbd_ioreq.o(i.USBD_CtlSendData)
    USBD_CtlSendStatus                       0x080026c7   Thumb Code    22  usbd_ioreq.o(i.USBD_CtlSendStatus)
    USBD_FS_ConfigStrDescriptor              0x080026dd   Thumb Code    16  usbd_desc.o(i.USBD_FS_ConfigStrDescriptor)
    USBD_FS_DeviceDescriptor                 0x080026fd   Thumb Code     8  usbd_desc.o(i.USBD_FS_DeviceDescriptor)
    USBD_FS_InterfaceStrDescriptor           0x08002709   Thumb Code    16  usbd_desc.o(i.USBD_FS_InterfaceStrDescriptor)
    USBD_FS_LangIDStrDescriptor              0x0800272d   Thumb Code     8  usbd_desc.o(i.USBD_FS_LangIDStrDescriptor)
    USBD_FS_ManufacturerStrDescriptor        0x08002739   Thumb Code    16  usbd_desc.o(i.USBD_FS_ManufacturerStrDescriptor)
    USBD_FS_ProductStrDescriptor             0x08002761   Thumb Code    16  usbd_desc.o(i.USBD_FS_ProductStrDescriptor)
    USBD_FS_SerialStrDescriptor              0x0800278d   Thumb Code    16  usbd_desc.o(i.USBD_FS_SerialStrDescriptor)
    USBD_GetString                           0x08002891   Thumb Code    70  usbd_ctlreq.o(i.USBD_GetString)
    USBD_Init                                0x080028d7   Thumb Code    42  usbd_core.o(i.USBD_Init)
    USBD_LL_ClearStallEP                     0x08002901   Thumb Code    32  usbd_conf.o(i.USBD_LL_ClearStallEP)
    USBD_LL_CloseEP                          0x08002921   Thumb Code    32  usbd_conf.o(i.USBD_LL_CloseEP)
    USBD_LL_DataInStage                      0x08002941   Thumb Code   170  usbd_core.o(i.USBD_LL_DataInStage)
    USBD_LL_DataOutStage                     0x080029eb   Thumb Code   106  usbd_core.o(i.USBD_LL_DataOutStage)
    USBD_LL_GetRxDataSize                    0x08002a55   Thumb Code     8  usbd_conf.o(i.USBD_LL_GetRxDataSize)
    USBD_LL_Init                             0x08002a5d   Thumb Code   124  usbd_conf.o(i.USBD_LL_Init)
    USBD_LL_IsStallEP                        0x08002ae1   Thumb Code    28  usbd_conf.o(i.USBD_LL_IsStallEP)
    USBD_LL_OpenEP                           0x08002afd   Thumb Code    38  usbd_conf.o(i.USBD_LL_OpenEP)
    USBD_LL_PrepareReceive                   0x08002b23   Thumb Code    32  usbd_conf.o(i.USBD_LL_PrepareReceive)
    USBD_LL_Reset                            0x08002b43   Thumb Code    62  usbd_core.o(i.USBD_LL_Reset)
    USBD_LL_Resume                           0x08002b81   Thumb Code    12  usbd_core.o(i.USBD_LL_Resume)
    USBD_LL_SOF                              0x08002b8d   Thumb Code    24  usbd_core.o(i.USBD_LL_SOF)
    USBD_LL_SetSpeed                         0x08002ba5   Thumb Code     6  usbd_core.o(i.USBD_LL_SetSpeed)
    USBD_LL_SetUSBAddress                    0x08002bab   Thumb Code    32  usbd_conf.o(i.USBD_LL_SetUSBAddress)
    USBD_LL_SetupStage                       0x08002bcb   Thumb Code    90  usbd_core.o(i.USBD_LL_SetupStage)
    USBD_LL_StallEP                          0x08002c25   Thumb Code    32  usbd_conf.o(i.USBD_LL_StallEP)
    USBD_LL_Start                            0x08002c45   Thumb Code    32  usbd_conf.o(i.USBD_LL_Start)
    USBD_LL_Suspend                          0x08002c65   Thumb Code    18  usbd_core.o(i.USBD_LL_Suspend)
    USBD_LL_Transmit                         0x08002c77   Thumb Code    32  usbd_conf.o(i.USBD_LL_Transmit)
    USBD_ParseSetupRequest                   0x08002c97   Thumb Code    40  usbd_ctlreq.o(i.USBD_ParseSetupRequest)
    USBD_RegisterClass                       0x08002cbf   Thumb Code    16  usbd_core.o(i.USBD_RegisterClass)
    USBD_SetClassConfig                      0x08002ccf   Thumb Code    22  usbd_core.o(i.USBD_SetClassConfig)
    USBD_Start                               0x08002d59   Thumb Code    10  usbd_core.o(i.USBD_Start)
    USBD_StdDevReq                           0x08002d63   Thumb Code   242  usbd_ctlreq.o(i.USBD_StdDevReq)
    USBD_StdEPReq                            0x08002e55   Thumb Code   220  usbd_ctlreq.o(i.USBD_StdEPReq)
    USBD_StdItfReq                           0x08002f31   Thumb Code    52  usbd_ctlreq.o(i.USBD_StdItfReq)
    USBD_static_free                         0x08002f65   Thumb Code     2  usbd_conf.o(i.USBD_static_free)
    USBD_static_malloc                       0x08002f69   Thumb Code     4  usbd_conf.o(i.USBD_static_malloc)
    USB_ActivateEndpoint                     0x08002f71   Thumb Code   604  stm32f1xx_ll_usb.o(i.USB_ActivateEndpoint)
    USB_CoreInit                             0x080031cd   Thumb Code     4  stm32f1xx_ll_usb.o(i.USB_CoreInit)
    USB_DeactivateEndpoint                   0x080031d1   Thumb Code   292  stm32f1xx_ll_usb.o(i.USB_DeactivateEndpoint)
    USB_DevConnect                           0x080032f5   Thumb Code     4  stm32f1xx_ll_usb.o(i.USB_DevConnect)
    USB_DevDisconnect                        0x080032f9   Thumb Code     4  stm32f1xx_ll_usb.o(i.USB_DevDisconnect)
    USB_DevInit                              0x080032fd   Thumb Code    30  stm32f1xx_ll_usb.o(i.USB_DevInit)
    USB_DisableGlobalInt                     0x0800331b   Thumb Code    14  stm32f1xx_ll_usb.o(i.USB_DisableGlobalInt)
    USB_EP0_OutStart                         0x08003329   Thumb Code     4  stm32f1xx_ll_usb.o(i.USB_EP0_OutStart)
    USB_EPClearStall                         0x0800332d   Thumb Code   106  stm32f1xx_ll_usb.o(i.USB_EPClearStall)
    USB_EPSetStall                           0x08003397   Thumb Code    74  stm32f1xx_ll_usb.o(i.USB_EPSetStall)
    USB_EPStartXfer                          0x080033e1   Thumb Code   426  stm32f1xx_ll_usb.o(i.USB_EPStartXfer)
    USB_EnableGlobalInt                      0x0800358b   Thumb Code    14  stm32f1xx_ll_usb.o(i.USB_EnableGlobalInt)
    USB_LP_CAN1_RX0_IRQHandler               0x08003599   Thumb Code     6  stm32f1xx_it.o(i.USB_LP_CAN1_RX0_IRQHandler)
    USB_ReadInterrupts                       0x080035a5   Thumb Code     6  stm32f1xx_ll_usb.o(i.USB_ReadInterrupts)
    USB_ReadPMA                              0x080035ad   Thumb Code    30  stm32f1xx_ll_usb.o(i.USB_ReadPMA)
    USB_SetCurrentMode                       0x080035cb   Thumb Code     4  stm32f1xx_ll_usb.o(i.USB_SetCurrentMode)
    USB_SetDevAddress                        0x080035cf   Thumb Code    12  stm32f1xx_ll_usb.o(i.USB_SetDevAddress)
    USB_WritePMA                             0x080035db   Thumb Code    38  stm32f1xx_ll_usb.o(i.USB_WritePMA)
    UsageFault_Handler                       0x08003601   Thumb Code     2  stm32f1xx_it.o(i.UsageFault_Handler)
    __0sprintf$1                             0x08003605   Thumb Code    34  printf1.o(i.__0sprintf$1)
    __1sprintf$1                             0x08003605   Thumb Code     0  printf1.o(i.__0sprintf$1)
    __2sprintf                               0x08003605   Thumb Code     0  printf1.o(i.__0sprintf$1)
    __scatterload_copy                       0x0800362d   Thumb Code    14  handlers.o(i.__scatterload_copy)
    __scatterload_null                       0x0800363b   Thumb Code     2  handlers.o(i.__scatterload_null)
    __scatterload_zeroinit                   0x0800363d   Thumb Code    14  handlers.o(i.__scatterload_zeroinit)
    gain_test_debug                          0x080037ad   Thumb Code   120  main.o(i.gain_test_debug)
    main                                     0x0800382d   Thumb Code   152  main.o(i.main)
    AHBPrescTable                            0x080038e0   Data          16  system_stm32f1xx.o(.constdata)
    Region$$Table$$Base                      0x080038f0   Number         0  anon$$obj.o(Region$$Table)
    Region$$Table$$Limit                     0x08003910   Number         0  anon$$obj.o(Region$$Table)
    FS_Desc                                  0x20000000   Data          28  usbd_desc.o(.data)
    USBD_LangIDDesc                          0x2000001c   Data           4  usbd_desc.o(.data)
    USBD_FS_DeviceDesc                       0x20000020   Data          18  usbd_desc.o(.data)
    USBD_Interface_fops_FS                   0x20000034   Data          16  usbd_cdc_if.o(.data)
    uwTickFreq                               0x20000044   Data           1  stm32f1xx_hal.o(.data)
    uwTickPrio                               0x20000048   Data           4  stm32f1xx_hal.o(.data)
    uwTick                                   0x2000004c   Data           4  stm32f1xx_hal.o(.data)
    SystemCoreClock                          0x20000050   Data           4  system_stm32f1xx.o(.data)
    USBD_CDC_CfgHSDesc                       0x20000068   Data          67  usbd_cdc.o(.data)
    USBD_CDC_CfgFSDesc                       0x200000ac   Data          67  usbd_cdc.o(.data)
    USBD_CDC_OtherSpeedCfgDesc               0x200000f0   Data          67  usbd_cdc.o(.data)
    USBD_CDC                                 0x20000134   Data          56  usbd_cdc.o(.data)
    hadc1                                    0x2000016c   Data          48  main.o(.bss)
    hadc2                                    0x2000019c   Data          48  main.o(.bss)
    htim1                                    0x200001cc   Data          64  main.o(.bss)
    hdma_adc1                                0x2000020c   Data          68  main.o(.bss)
    hUsbDeviceFS                             0x20000250   Data         548  usb_device.o(.bss)
    hpcd_USB_FS                              0x20000694   Data        1120  usbd_conf.o(.bss)
    USBD_StrDesc                             0x20000af4   Data         512  usbd_desc.o(.bss)
    UserRxBufferFS                           0x20000cf4   Data        1000  usbd_cdc_if.o(.bss)
    UserTxBufferFS                           0x200010dc   Data        1000  usbd_cdc_if.o(.bss)
    __initial_sp                             0x200018c8   Data           0  startup_stm32f103xb.o(STACK)



==============================================================================

Memory Map of the image

  Image Entry point : 0x080000ed

  Load Region LR_IROM1 (Base: 0x08000000, Size: 0x00003a7c, Max: 0x00010000, ABSOLUTE, COMPRESSED[0x000039d0])

    Execution Region ER_IROM1 (Exec base: 0x08000000, Load base: 0x08000000, Size: 0x00003910, Max: 0x00010000, ABSOLUTE)

    Exec Addr    Load Addr    Size         Type   Attr      Idx    E Section Name        Object

    0x08000000   0x08000000   0x000000ec   Data   RO            3    RESET               startup_stm32f103xb.o
    0x080000ec   0x080000ec   0x00000000   Code   RO         3615  * .ARM.Collect$$$$00000000  mc_w.l(entry.o)
    0x080000ec   0x080000ec   0x00000004   Code   RO         3887    .ARM.Collect$$$$00000001  mc_w.l(entry2.o)
    0x080000f0   0x080000f0   0x00000004   Code   RO         3890    .ARM.Collect$$$$00000004  mc_w.l(entry5.o)
    0x080000f4   0x080000f4   0x00000000   Code   RO         3892    .ARM.Collect$$$$00000008  mc_w.l(entry7b.o)
    0x080000f4   0x080000f4   0x00000000   Code   RO         3894    .ARM.Collect$$$$0000000A  mc_w.l(entry8b.o)
    0x080000f4   0x080000f4   0x00000008   Code   RO         3895    .ARM.Collect$$$$0000000B  mc_w.l(entry9a.o)
    0x080000fc   0x080000fc   0x00000000   Code   RO         3897    .ARM.Collect$$$$0000000D  mc_w.l(entry10a.o)
    0x080000fc   0x080000fc   0x00000000   Code   RO         3899    .ARM.Collect$$$$0000000F  mc_w.l(entry11a.o)
    0x080000fc   0x080000fc   0x00000004   Code   RO         3888    .ARM.Collect$$$$00002712  mc_w.l(entry2.o)
    0x08000100   0x08000100   0x00000024   Code   RO            4    .text               startup_stm32f103xb.o
    0x08000124   0x08000124   0x00000024   Code   RO         3620    .text               mc_w.l(memcpya.o)
    0x08000148   0x08000148   0x00000024   Code   RO         3622    .text               mc_w.l(memseta.o)
    0x0800016c   0x0800016c   0x0000002c   Code   RO         3904    .text               mc_w.l(uidiv.o)
    0x08000198   0x08000198   0x00000024   Code   RO         3919    .text               mc_w.l(init.o)
    0x080001bc   0x080001bc   0x00000056   Code   RO         3937    .text               mc_w.l(__dczerorl2.o)
    0x08000212   0x08000212   0x00000002   PAD
    0x08000214   0x08000214   0x0000004c   Code   RO         1180    i.ADC_ConversionStop_Disable  stm32f1xx_hal_adc.o
    0x08000260   0x08000260   0x0000004e   Code   RO         1181    i.ADC_DMAConvCplt   stm32f1xx_hal_adc.o
    0x080002ae   0x080002ae   0x0000001a   Code   RO         1182    i.ADC_DMAError      stm32f1xx_hal_adc.o
    0x080002c8   0x080002c8   0x0000000a   Code   RO         1183    i.ADC_DMAHalfConvCplt  stm32f1xx_hal_adc.o
    0x080002d2   0x080002d2   0x00000002   PAD
    0x080002d4   0x080002d4   0x00000070   Code   RO         1184    i.ADC_Enable        stm32f1xx_hal_adc.o
    0x08000344   0x08000344   0x00000002   Code   RO          564    i.BusFault_Handler  stm32f1xx_it.o
    0x08000346   0x08000346   0x00000004   Code   RO          512    i.CDC_Control_FS    usbd_cdc_if.o
    0x0800034a   0x0800034a   0x00000004   Code   RO          513    i.CDC_DeInit_FS     usbd_cdc_if.o
    0x0800034e   0x0800034e   0x00000002   PAD
    0x08000350   0x08000350   0x00000024   Code   RO          514    i.CDC_Init_FS       usbd_cdc_if.o
    0x08000374   0x08000374   0x00000018   Code   RO          515    i.CDC_Receive_FS    usbd_cdc_if.o
    0x0800038c   0x0800038c   0x0000002c   Code   RO          516    i.CDC_Transmit_FS   usbd_cdc_if.o
    0x080003b8   0x080003b8   0x0000000c   Code   RO          565    i.DMA1_Channel1_IRQHandler  stm32f1xx_it.o
    0x080003c4   0x080003c4   0x0000002a   Code   RO         2686    i.DMA_SetConfig     stm32f1xx_hal_dma.o
    0x080003ee   0x080003ee   0x00000002   Code   RO          566    i.DebugMon_Handler  stm32f1xx_it.o
    0x080003f0   0x080003f0   0x00000002   Code   RO           13    i.Error_Handler     main.o
    0x080003f2   0x080003f2   0x00000002   PAD
    0x080003f4   0x080003f4   0x000000fc   Code   RO         1186    i.HAL_ADC_ConfigChannel  stm32f1xx_hal_adc.o
    0x080004f0   0x080004f0   0x00000002   Code   RO         1187    i.HAL_ADC_ConvCpltCallback  stm32f1xx_hal_adc.o
    0x080004f2   0x080004f2   0x00000002   Code   RO         1188    i.HAL_ADC_ConvHalfCpltCallback  stm32f1xx_hal_adc.o
    0x080004f4   0x080004f4   0x00000002   Code   RO         1190    i.HAL_ADC_ErrorCallback  stm32f1xx_hal_adc.o
    0x080004f6   0x080004f6   0x00000002   PAD
    0x080004f8   0x080004f8   0x0000011c   Code   RO         1195    i.HAL_ADC_Init      stm32f1xx_hal_adc.o
    0x08000614   0x08000614   0x000000cc   Code   RO          653    i.HAL_ADC_MspInit   stm32f1xx_hal_msp.o
    0x080006e0   0x080006e0   0x0000010c   Code   RO         1202    i.HAL_ADC_Start_DMA  stm32f1xx_hal_adc.o
    0x080007ec   0x080007ec   0x00000154   Code   RO         2692    i.HAL_DMA_IRQHandler  stm32f1xx_hal_dma.o
    0x08000940   0x08000940   0x0000005c   Code   RO         2693    i.HAL_DMA_Init      stm32f1xx_hal_dma.o
    0x0800099c   0x0800099c   0x00000070   Code   RO         2697    i.HAL_DMA_Start_IT  stm32f1xx_hal_dma.o
    0x08000a0c   0x08000a0c   0x00000024   Code   RO         2327    i.HAL_Delay         stm32f1xx_hal.o
    0x08000a30   0x08000a30   0x000001bc   Code   RO         2623    i.HAL_GPIO_Init     stm32f1xx_hal_gpio.o
    0x08000bec   0x08000bec   0x0000000a   Code   RO         2627    i.HAL_GPIO_WritePin  stm32f1xx_hal_gpio.o
    0x08000bf6   0x08000bf6   0x00000002   PAD
    0x08000bf8   0x08000bf8   0x0000000c   Code   RO         2331    i.HAL_GetTick       stm32f1xx_hal.o
    0x08000c04   0x08000c04   0x00000010   Code   RO         2335    i.HAL_IncTick       stm32f1xx_hal.o
    0x08000c14   0x08000c14   0x00000024   Code   RO         2336    i.HAL_Init          stm32f1xx_hal.o
    0x08000c38   0x08000c38   0x00000040   Code   RO         2337    i.HAL_InitTick      stm32f1xx_hal.o
    0x08000c78   0x08000c78   0x0000003c   Code   RO          654    i.HAL_MspInit       stm32f1xx_hal_msp.o
    0x08000cb4   0x08000cb4   0x00000016   Code   RO         2783    i.HAL_NVIC_EnableIRQ  stm32f1xx_hal_cortex.o
    0x08000cca   0x08000cca   0x00000002   PAD
    0x08000ccc   0x08000ccc   0x00000040   Code   RO         2789    i.HAL_NVIC_SetPriority  stm32f1xx_hal_cortex.o
    0x08000d0c   0x08000d0c   0x00000024   Code   RO         2790    i.HAL_NVIC_SetPriorityGrouping  stm32f1xx_hal_cortex.o
    0x08000d30   0x08000d30   0x00000034   Code   RO          958    i.HAL_PCDEx_PMAConfig  stm32f1xx_hal_pcd_ex.o
    0x08000d64   0x08000d64   0x00000002   Code   RO          237    i.HAL_PCDEx_SetConnectionState  usbd_conf.o
    0x08000d66   0x08000d66   0x0000000e   Code   RO          239    i.HAL_PCD_DataInStageCallback  usbd_conf.o
    0x08000d74   0x08000d74   0x00000010   Code   RO          240    i.HAL_PCD_DataOutStageCallback  usbd_conf.o
    0x08000d84   0x08000d84   0x00000040   Code   RO          752    i.HAL_PCD_EP_Close  stm32f1xx_hal_pcd.o
    0x08000dc4   0x08000dc4   0x00000048   Code   RO          753    i.HAL_PCD_EP_ClrStall  stm32f1xx_hal_pcd.o
    0x08000e0c   0x08000e0c   0x00000010   Code   RO          755    i.HAL_PCD_EP_GetRxCount  stm32f1xx_hal_pcd.o
    0x08000e1c   0x08000e1c   0x00000044   Code   RO          756    i.HAL_PCD_EP_Open   stm32f1xx_hal_pcd.o
    0x08000e60   0x08000e60   0x0000002e   Code   RO          757    i.HAL_PCD_EP_Receive  stm32f1xx_hal_pcd.o
    0x08000e8e   0x08000e8e   0x00000056   Code   RO          758    i.HAL_PCD_EP_SetStall  stm32f1xx_hal_pcd.o
    0x08000ee4   0x08000ee4   0x0000002a   Code   RO          759    i.HAL_PCD_EP_Transmit  stm32f1xx_hal_pcd.o
    0x08000f0e   0x08000f0e   0x0000010c   Code   RO          761    i.HAL_PCD_IRQHandler  stm32f1xx_hal_pcd.o
    0x0800101a   0x0800101a   0x00000002   PAD
    0x0800101c   0x0800101c   0x000000c0   Code   RO          764    i.HAL_PCD_Init      stm32f1xx_hal_pcd.o
    0x080010dc   0x080010dc   0x0000003c   Code   RO          245    i.HAL_PCD_MspInit   usbd_conf.o
    0x08001118   0x08001118   0x0000001a   Code   RO          246    i.HAL_PCD_ResetCallback  usbd_conf.o
    0x08001132   0x08001132   0x00000008   Code   RO          247    i.HAL_PCD_ResumeCallback  usbd_conf.o
    0x0800113a   0x0800113a   0x00000008   Code   RO          248    i.HAL_PCD_SOFCallback  usbd_conf.o
    0x08001142   0x08001142   0x00000028   Code   RO          770    i.HAL_PCD_SetAddress  stm32f1xx_hal_pcd.o
    0x0800116a   0x0800116a   0x0000000e   Code   RO          249    i.HAL_PCD_SetupStageCallback  usbd_conf.o
    0x08001178   0x08001178   0x00000032   Code   RO          772    i.HAL_PCD_Start     stm32f1xx_hal_pcd.o
    0x080011aa   0x080011aa   0x00000002   PAD
    0x080011ac   0x080011ac   0x00000024   Code   RO          250    i.HAL_PCD_SuspendCallback  usbd_conf.o
    0x080011d0   0x080011d0   0x000000ec   Code   RO         2586    i.HAL_RCCEx_PeriphCLKConfig  stm32f1xx_hal_rcc_ex.o
    0x080012bc   0x080012bc   0x0000016c   Code   RO         2483    i.HAL_RCC_ClockConfig  stm32f1xx_hal_rcc.o
    0x08001428   0x08001428   0x0000006c   Code   RO         2492    i.HAL_RCC_GetSysClockFreq  stm32f1xx_hal_rcc.o
    0x08001494   0x08001494   0x00000304   Code   RO         2495    i.HAL_RCC_OscConfig  stm32f1xx_hal_rcc.o
    0x08001798   0x08001798   0x00000028   Code   RO         2794    i.HAL_SYSTICK_Config  stm32f1xx_hal_cortex.o
    0x080017c0   0x080017c0   0x0000005a   Code   RO         2089    i.HAL_TIMEx_ConfigBreakDeadTime  stm32f1xx_hal_tim_ex.o
    0x0800181a   0x0800181a   0x00000050   Code   RO         2104    i.HAL_TIMEx_MasterConfigSynchronization  stm32f1xx_hal_tim_ex.o
    0x0800186a   0x0800186a   0x00000036   Code   RO         1458    i.HAL_TIM_Base_Init  stm32f1xx_hal_tim.o
    0x080018a0   0x080018a0   0x00000028   Code   RO          656    i.HAL_TIM_Base_MspInit  stm32f1xx_hal_msp.o
    0x080018c8   0x080018c8   0x000000f2   Code   RO         1467    i.HAL_TIM_ConfigClockSource  stm32f1xx_hal_tim.o
    0x080019ba   0x080019ba   0x00000002   PAD
    0x080019bc   0x080019bc   0x00000074   Code   RO          657    i.HAL_TIM_MspPostInit  stm32f1xx_hal_msp.o
    0x08001a30   0x08001a30   0x000000d0   Code   RO         1524    i.HAL_TIM_PWM_ConfigChannel  stm32f1xx_hal_tim.o
    0x08001b00   0x08001b00   0x00000036   Code   RO         1527    i.HAL_TIM_PWM_Init  stm32f1xx_hal_tim.o
    0x08001b36   0x08001b36   0x00000002   Code   RO         1529    i.HAL_TIM_PWM_MspInit  stm32f1xx_hal_tim.o
    0x08001b38   0x08001b38   0x00000002   Code   RO          567    i.HardFault_Handler  stm32f1xx_it.o
    0x08001b3a   0x08001b3a   0x00000002   PAD
    0x08001b3c   0x08001b3c   0x0000007c   Code   RO           14    i.MX_ADC1_Init      main.o
    0x08001bb8   0x08001bb8   0x00000054   Code   RO           15    i.MX_ADC2_Init      main.o
    0x08001c0c   0x08001c0c   0x00000098   Code   RO           16    i.MX_GPIO_Init      main.o
    0x08001ca4   0x08001ca4   0x000000b4   Code   RO           17    i.MX_TIM1_Init      main.o
    0x08001d58   0x08001d58   0x00000038   Code   RO          189    i.MX_USB_DEVICE_Init  usb_device.o
    0x08001d90   0x08001d90   0x00000002   Code   RO          568    i.MemManage_Handler  stm32f1xx_it.o
    0x08001d92   0x08001d92   0x00000002   Code   RO          569    i.NMI_Handler       stm32f1xx_it.o
    0x08001d94   0x08001d94   0x00000020   Code   RO         2796    i.NVIC_SetPriority  stm32f1xx_hal_cortex.o
    0x08001db4   0x08001db4   0x00000362   Code   RO          775    i.PCD_EP_ISR_Handler  stm32f1xx_hal_pcd.o
    0x08002116   0x08002116   0x00000002   Code   RO          570    i.PendSV_Handler    stm32f1xx_it.o
    0x08002118   0x08002118   0x00000002   Code   RO          571    i.SVC_Handler       stm32f1xx_it.o
    0x0800211a   0x0800211a   0x00000004   Code   RO          572    i.SysTick_Handler   stm32f1xx_it.o
    0x0800211e   0x0800211e   0x00000064   Code   RO           18    i.SystemClock_Config  main.o
    0x08002182   0x08002182   0x00000002   PAD
    0x08002184   0x08002184   0x00000048   Code   RO         3212    i.SystemInit        system_stm32f1xx.o
    0x080021cc   0x080021cc   0x0000006c   Code   RO         1542    i.TIM_Base_SetConfig  stm32f1xx_hal_tim.o
    0x08002238   0x08002238   0x00000014   Code   RO         1549    i.TIM_ETR_SetConfig  stm32f1xx_hal_tim.o
    0x0800224c   0x0800224c   0x00000010   Code   RO         1550    i.TIM_ITRx_SetConfig  stm32f1xx_hal_tim.o
    0x0800225c   0x0800225c   0x00000050   Code   RO         1551    i.TIM_OC1_SetConfig  stm32f1xx_hal_tim.o
    0x080022ac   0x080022ac   0x00000058   Code   RO         1552    i.TIM_OC2_SetConfig  stm32f1xx_hal_tim.o
    0x08002304   0x08002304   0x00000058   Code   RO         1553    i.TIM_OC3_SetConfig  stm32f1xx_hal_tim.o
    0x0800235c   0x0800235c   0x00000044   Code   RO         1554    i.TIM_OC4_SetConfig  stm32f1xx_hal_tim.o
    0x080023a0   0x080023a0   0x00000022   Code   RO         1556    i.TIM_TI1_ConfigInputStage  stm32f1xx_hal_tim.o
    0x080023c2   0x080023c2   0x00000024   Code   RO         1558    i.TIM_TI2_ConfigInputStage  stm32f1xx_hal_tim.o
    0x080023e6   0x080023e6   0x00000014   Code   RO         3512    i.USBD_CDC_DataIn   usbd_cdc.o
    0x080023fa   0x080023fa   0x0000002e   Code   RO         3513    i.USBD_CDC_DataOut  usbd_cdc.o
    0x08002428   0x08002428   0x0000003c   Code   RO         3514    i.USBD_CDC_DeInit   usbd_cdc.o
    0x08002464   0x08002464   0x00000024   Code   RO         3515    i.USBD_CDC_EP0_RxReady  usbd_cdc.o
    0x08002488   0x08002488   0x0000000c   Code   RO         3516    i.USBD_CDC_GetDeviceQualifierDescriptor  usbd_cdc.o
    0x08002494   0x08002494   0x0000000c   Code   RO         3517    i.USBD_CDC_GetFSCfgDesc  usbd_cdc.o
    0x080024a0   0x080024a0   0x0000000c   Code   RO         3518    i.USBD_CDC_GetHSCfgDesc  usbd_cdc.o
    0x080024ac   0x080024ac   0x0000000c   Code   RO         3519    i.USBD_CDC_GetOtherSpeedCfgDesc  usbd_cdc.o
    0x080024b8   0x080024b8   0x00000088   Code   RO         3520    i.USBD_CDC_Init     usbd_cdc.o
    0x08002540   0x08002540   0x00000028   Code   RO         3521    i.USBD_CDC_ReceivePacket  usbd_cdc.o
    0x08002568   0x08002568   0x00000010   Code   RO         3522    i.USBD_CDC_RegisterInterface  usbd_cdc.o
    0x08002578   0x08002578   0x0000000c   Code   RO         3523    i.USBD_CDC_SetRxBuffer  usbd_cdc.o
    0x08002584   0x08002584   0x00000010   Code   RO         3524    i.USBD_CDC_SetTxBuffer  usbd_cdc.o
    0x08002594   0x08002594   0x00000070   Code   RO         3525    i.USBD_CDC_Setup    usbd_cdc.o
    0x08002604   0x08002604   0x00000030   Code   RO         3526    i.USBD_CDC_TransmitPacket  usbd_cdc.o
    0x08002634   0x08002634   0x0000000e   Code   RO         3249    i.USBD_ClrClassConfig  usbd_core.o
    0x08002642   0x08002642   0x00000010   Code   RO         3452    i.USBD_CtlContinueRx  usbd_ioreq.o
    0x08002652   0x08002652   0x00000010   Code   RO         3453    i.USBD_CtlContinueSendData  usbd_ioreq.o
    0x08002662   0x08002662   0x00000016   Code   RO         3387    i.USBD_CtlError     usbd_ctlreq.o
    0x08002678   0x08002678   0x0000001e   Code   RO         3454    i.USBD_CtlPrepareRx  usbd_ioreq.o
    0x08002696   0x08002696   0x00000016   Code   RO         3455    i.USBD_CtlReceiveStatus  usbd_ioreq.o
    0x080026ac   0x080026ac   0x0000001a   Code   RO         3456    i.USBD_CtlSendData  usbd_ioreq.o
    0x080026c6   0x080026c6   0x00000016   Code   RO         3457    i.USBD_CtlSendStatus  usbd_ioreq.o
    0x080026dc   0x080026dc   0x00000020   Code   RO          444    i.USBD_FS_ConfigStrDescriptor  usbd_desc.o
    0x080026fc   0x080026fc   0x0000000c   Code   RO          445    i.USBD_FS_DeviceDescriptor  usbd_desc.o
    0x08002708   0x08002708   0x00000024   Code   RO          446    i.USBD_FS_InterfaceStrDescriptor  usbd_desc.o
    0x0800272c   0x0800272c   0x0000000c   Code   RO          447    i.USBD_FS_LangIDStrDescriptor  usbd_desc.o
    0x08002738   0x08002738   0x00000028   Code   RO          448    i.USBD_FS_ManufacturerStrDescriptor  usbd_desc.o
    0x08002760   0x08002760   0x0000002c   Code   RO          449    i.USBD_FS_ProductStrDescriptor  usbd_desc.o
    0x0800278c   0x0800278c   0x00000024   Code   RO          450    i.USBD_FS_SerialStrDescriptor  usbd_desc.o
    0x080027b0   0x080027b0   0x000000e0   Code   RO         3388    i.USBD_GetDescriptor  usbd_ctlreq.o
    0x08002890   0x08002890   0x00000046   Code   RO         3389    i.USBD_GetString    usbd_ctlreq.o
    0x080028d6   0x080028d6   0x0000002a   Code   RO         3251    i.USBD_Init         usbd_core.o
    0x08002900   0x08002900   0x00000020   Code   RO          251    i.USBD_LL_ClearStallEP  usbd_conf.o
    0x08002920   0x08002920   0x00000020   Code   RO          252    i.USBD_LL_CloseEP   usbd_conf.o
    0x08002940   0x08002940   0x000000aa   Code   RO         3252    i.USBD_LL_DataInStage  usbd_core.o
    0x080029ea   0x080029ea   0x0000006a   Code   RO         3253    i.USBD_LL_DataOutStage  usbd_core.o
    0x08002a54   0x08002a54   0x00000008   Code   RO          256    i.USBD_LL_GetRxDataSize  usbd_conf.o
    0x08002a5c   0x08002a5c   0x00000084   Code   RO          257    i.USBD_LL_Init      usbd_conf.o
    0x08002ae0   0x08002ae0   0x0000001c   Code   RO          258    i.USBD_LL_IsStallEP  usbd_conf.o
    0x08002afc   0x08002afc   0x00000026   Code   RO          259    i.USBD_LL_OpenEP    usbd_conf.o
    0x08002b22   0x08002b22   0x00000020   Code   RO          260    i.USBD_LL_PrepareReceive  usbd_conf.o
    0x08002b42   0x08002b42   0x0000003e   Code   RO         3258    i.USBD_LL_Reset     usbd_core.o
    0x08002b80   0x08002b80   0x0000000c   Code   RO         3259    i.USBD_LL_Resume    usbd_core.o
    0x08002b8c   0x08002b8c   0x00000018   Code   RO         3260    i.USBD_LL_SOF       usbd_core.o
    0x08002ba4   0x08002ba4   0x00000006   Code   RO         3261    i.USBD_LL_SetSpeed  usbd_core.o
    0x08002baa   0x08002baa   0x00000020   Code   RO          261    i.USBD_LL_SetUSBAddress  usbd_conf.o
    0x08002bca   0x08002bca   0x0000005a   Code   RO         3262    i.USBD_LL_SetupStage  usbd_core.o
    0x08002c24   0x08002c24   0x00000020   Code   RO          262    i.USBD_LL_StallEP   usbd_conf.o
    0x08002c44   0x08002c44   0x00000020   Code   RO          263    i.USBD_LL_Start     usbd_conf.o
    0x08002c64   0x08002c64   0x00000012   Code   RO         3263    i.USBD_LL_Suspend   usbd_core.o
    0x08002c76   0x08002c76   0x00000020   Code   RO          265    i.USBD_LL_Transmit  usbd_conf.o
    0x08002c96   0x08002c96   0x00000028   Code   RO         3390    i.USBD_ParseSetupRequest  usbd_ctlreq.o
    0x08002cbe   0x08002cbe   0x00000010   Code   RO         3264    i.USBD_RegisterClass  usbd_core.o
    0x08002cce   0x08002cce   0x00000016   Code   RO         3266    i.USBD_SetClassConfig  usbd_core.o
    0x08002ce4   0x08002ce4   0x00000074   Code   RO         3391    i.USBD_SetConfig    usbd_ctlreq.o
    0x08002d58   0x08002d58   0x0000000a   Code   RO         3267    i.USBD_Start        usbd_core.o
    0x08002d62   0x08002d62   0x000000f2   Code   RO         3392    i.USBD_StdDevReq    usbd_ctlreq.o
    0x08002e54   0x08002e54   0x000000dc   Code   RO         3393    i.USBD_StdEPReq     usbd_ctlreq.o
    0x08002f30   0x08002f30   0x00000034   Code   RO         3394    i.USBD_StdItfReq    usbd_ctlreq.o
    0x08002f64   0x08002f64   0x00000002   Code   RO          266    i.USBD_static_free  usbd_conf.o
    0x08002f66   0x08002f66   0x00000002   PAD
    0x08002f68   0x08002f68   0x00000008   Code   RO          267    i.USBD_static_malloc  usbd_conf.o
    0x08002f70   0x08002f70   0x0000025c   Code   RO          988    i.USB_ActivateEndpoint  stm32f1xx_ll_usb.o
    0x080031cc   0x080031cc   0x00000004   Code   RO          991    i.USB_CoreInit      stm32f1xx_ll_usb.o
    0x080031d0   0x080031d0   0x00000124   Code   RO          993    i.USB_DeactivateEndpoint  stm32f1xx_ll_usb.o
    0x080032f4   0x080032f4   0x00000004   Code   RO          994    i.USB_DevConnect    stm32f1xx_ll_usb.o
    0x080032f8   0x080032f8   0x00000004   Code   RO          995    i.USB_DevDisconnect  stm32f1xx_ll_usb.o
    0x080032fc   0x080032fc   0x0000001e   Code   RO          996    i.USB_DevInit       stm32f1xx_ll_usb.o
    0x0800331a   0x0800331a   0x0000000e   Code   RO          997    i.USB_DisableGlobalInt  stm32f1xx_ll_usb.o
    0x08003328   0x08003328   0x00000004   Code   RO          998    i.USB_EP0_OutStart  stm32f1xx_ll_usb.o
    0x0800332c   0x0800332c   0x0000006a   Code   RO          999    i.USB_EPClearStall  stm32f1xx_ll_usb.o
    0x08003396   0x08003396   0x0000004a   Code   RO         1000    i.USB_EPSetStall    stm32f1xx_ll_usb.o
    0x080033e0   0x080033e0   0x000001aa   Code   RO         1001    i.USB_EPStartXfer   stm32f1xx_ll_usb.o
    0x0800358a   0x0800358a   0x0000000e   Code   RO         1002    i.USB_EnableGlobalInt  stm32f1xx_ll_usb.o
    0x08003598   0x08003598   0x0000000c   Code   RO          573    i.USB_LP_CAN1_RX0_IRQHandler  stm32f1xx_it.o
    0x080035a4   0x080035a4   0x00000006   Code   RO         1009    i.USB_ReadInterrupts  stm32f1xx_ll_usb.o
    0x080035aa   0x080035aa   0x00000002   PAD
    0x080035ac   0x080035ac   0x0000001e   Code   RO         1010    i.USB_ReadPMA       stm32f1xx_ll_usb.o
    0x080035ca   0x080035ca   0x00000004   Code   RO         1012    i.USB_SetCurrentMode  stm32f1xx_ll_usb.o
    0x080035ce   0x080035ce   0x0000000c   Code   RO         1013    i.USB_SetDevAddress  stm32f1xx_ll_usb.o
    0x080035da   0x080035da   0x00000026   Code   RO         1015    i.USB_WritePMA      stm32f1xx_ll_usb.o
    0x08003600   0x08003600   0x00000002   Code   RO          574    i.UsageFault_Handler  stm32f1xx_it.o
    0x08003602   0x08003602   0x00000002   PAD
    0x08003604   0x08003604   0x00000028   Code   RO         3673    i.__0sprintf$1      mc_w.l(printf1.o)
    0x0800362c   0x0800362c   0x0000000e   Code   RO         3931    i.__scatterload_copy  mc_w.l(handlers.o)
    0x0800363a   0x0800363a   0x00000002   Code   RO         3932    i.__scatterload_null  mc_w.l(handlers.o)
    0x0800363c   0x0800363c   0x0000000e   Code   RO         3933    i.__scatterload_zeroinit  mc_w.l(handlers.o)
    0x0800364a   0x0800364a   0x00000002   PAD
    0x0800364c   0x0800364c   0x00000154   Code   RO         3678    i._printf_core      mc_w.l(printf1.o)
    0x080037a0   0x080037a0   0x0000000a   Code   RO         3680    i._sputc            mc_w.l(printf1.o)
    0x080037aa   0x080037aa   0x00000002   PAD
    0x080037ac   0x080037ac   0x00000080   Code   RO           19    i.gain_test_debug   main.o
    0x0800382c   0x0800382c   0x000000b4   Code   RO           20    i.main              main.o
    0x080038e0   0x080038e0   0x00000010   Data   RO         3213    .constdata          system_stm32f1xx.o
    0x080038f0   0x080038f0   0x00000020   Data   RO         3929    Region$$Table       anon$$obj.o


    Execution Region RW_IRAM1 (Exec base: 0x20000000, Load base: 0x08003910, Size: 0x000018c8, Max: 0x00005000, ABSOLUTE, COMPRESSED[0x000000c0])

    Exec Addr    Load Addr    Size         Type   Attr      Idx    E Section Name        Object

    0x20000000   COMPRESSED   0x0000001c   Data   RW          452    .data               usbd_desc.o
    0x2000001c   COMPRESSED   0x00000016   Data   RW          453    .data               usbd_desc.o
    0x20000032   COMPRESSED   0x00000002   PAD
    0x20000034   COMPRESSED   0x00000010   Data   RW          518    .data               usbd_cdc_if.o
    0x20000044   COMPRESSED   0x0000000c   Data   RW         2343    .data               stm32f1xx_hal.o
    0x20000050   COMPRESSED   0x00000004   Data   RW         3215    .data               system_stm32f1xx.o
    0x20000054   COMPRESSED   0x00000001   Data   RW         3395    .data               usbd_ctlreq.o
    0x20000055   COMPRESSED   0x00000003   PAD
    0x20000058   COMPRESSED   0x000000db   Data   RW         3527    .data               usbd_cdc.o
    0x20000133   COMPRESSED   0x00000001   PAD
    0x20000134   COMPRESSED   0x00000038   Data   RW         3528    .data               usbd_cdc.o
    0x2000016c        -       0x000000a0   Zero   RW           21    .bss                main.o
    0x2000020c        -       0x00000044   Zero   RW           22    .bss                main.o
    0x20000250        -       0x00000224   Zero   RW          190    .bss                usb_device.o
    0x20000474        -       0x00000680   Zero   RW          268    .bss                usbd_conf.o
    0x20000af4        -       0x00000200   Zero   RW          451    .bss                usbd_desc.o
    0x20000cf4        -       0x000007d0   Zero   RW          517    .bss                usbd_cdc_if.o
    0x200014c4   COMPRESSED   0x00000004   PAD
    0x200014c8        -       0x00000400   Zero   RW            1    STACK               startup_stm32f103xb.o


==============================================================================

Image component sizes


      Code (inc. data)   RO Data    RW Data    ZI Data      Debug   Object Name

       950         76          0          0        228     458092   main.o
        36          8        236          0       1024        816   startup_stm32f103xb.o
       164         28          0         12          0       5993   stm32f1xx_hal.o
      1112         54          0          0          0       8642   stm32f1xx_hal_adc.o
       194         14          0          0          0      25819   stm32f1xx_hal_cortex.o
       586         32          0          0          0       3655   stm32f1xx_hal_dma.o
       454         36          0          0          0       2920   stm32f1xx_hal_gpio.o
       420         62          0          0          0       3049   stm32f1xx_hal_msp.o
      1810          0          0          0          0      10181   stm32f1xx_hal_pcd.o
        52          0          0          0          0       1198   stm32f1xx_hal_pcd_ex.o
      1244         74          0          0          0       4142   stm32f1xx_hal_rcc.o
       236         12          0          0          0       1408   stm32f1xx_hal_rcc_ex.o
      1098         34          0          0          0      10818   stm32f1xx_hal_tim.o
       170          0          0          0          0       2104   stm32f1xx_hal_tim_ex.o
        44         12          0          0          0       4810   stm32f1xx_it.o
      1666          0          0          0          0      12839   stm32f1xx_ll_usb.o
        72         16         16          4          0       1195   system_stm32f1xx.o
        56         18          0          0        548       2431   usb_device.o
       590         22          0        275          0      12870   usbd_cdc.o
       112         22          0         16       2000       3240   usbd_cdc_if.o
       624         28          0          0       1664      13425   usbd_conf.o
       592          0          0          0          0       9324   usbd_core.o
       986         30          0          1          0       7848   usbd_ctlreq.o
       212        116          0         50        512       5023   usbd_desc.o
       132          0          0          0          0       4408   usbd_ioreq.o

    ----------------------------------------------------------------------
     13640        694        284        364       5980     616250   Object Totals
         0          0         32          0          0          0   (incl. Generated)
        28          0          0          6          4          0   (incl. Padding)

    ----------------------------------------------------------------------

      Code (inc. data)   RO Data    RW Data    ZI Data      Debug   Library Member Name

        86          0          0          0          0          0   __dczerorl2.o
         0          0          0          0          0          0   entry.o
         0          0          0          0          0          0   entry10a.o
         0          0          0          0          0          0   entry11a.o
         8          4          0          0          0          0   entry2.o
         4          0          0          0          0          0   entry5.o
         0          0          0          0          0          0   entry7b.o
         0          0          0          0          0          0   entry8b.o
         8          4          0          0          0          0   entry9a.o
        30          0          0          0          0          0   handlers.o
        36          8          0          0          0         68   init.o
        36          0          0          0          0         68   memcpya.o
        36          0          0          0          0        108   memseta.o
       390         10          0          0          0        252   printf1.o
        44          0          0          0          0         80   uidiv.o

    ----------------------------------------------------------------------
       684         26          0          0          0        576   Library Totals
         6          0          0          0          0          0   (incl. Padding)

    ----------------------------------------------------------------------

      Code (inc. data)   RO Data    RW Data    ZI Data      Debug   Library Name

       678         26          0          0          0        576   mc_w.l

    ----------------------------------------------------------------------
       684         26          0          0          0        576   Library Totals

    ----------------------------------------------------------------------

==============================================================================


      Code (inc. data)   RO Data    RW Data    ZI Data      Debug   

     14324        720        284        364       5980     607854   Grand Totals
     14324        720        284        192       5980     607854   ELF Image Totals (compressed)
     14324        720        284        192          0          0   ROM Totals

==============================================================================

    Total RO  Size (Code + RO Data)                14608 (  14.27kB)
    Total RW  Size (RW Data + ZI Data)              6344 (   6.20kB)
    Total ROM Size (Code + RO Data + RW Data)      14800 (  14.45kB)

==============================================================================

